Component: ARM Compiler 5.06 update 5 (build 528) Tool: armlink [4d35e2]

==============================================================================

Section Cross References

    startup_stm32f103xb.o(RESET) refers to startup_stm32f103xb.o(STACK) for __initial_sp
    startup_stm32f103xb.o(RESET) refers to startup_stm32f103xb.o(.text) for Reset_Handler
    startup_stm32f103xb.o(RESET) refers to stm32f1xx_it.o(i.NMI_Handler) for NMI_Handler
    startup_stm32f103xb.o(RESET) refers to stm32f1xx_it.o(i.HardFault_Handler) for HardFault_Handler
    startup_stm32f103xb.o(RESET) refers to stm32f1xx_it.o(i.MemManage_Handler) for MemManage_Handler
    startup_stm32f103xb.o(RESET) refers to stm32f1xx_it.o(i.BusFault_Handler) for BusFault_Handler
    startup_stm32f103xb.o(RESET) refers to stm32f1xx_it.o(i.UsageFault_Handler) for UsageFault_Handler
    startup_stm32f103xb.o(RESET) refers to port.o(.emb_text) for SVC_Handler
    startup_stm32f103xb.o(RESET) refers to stm32f1xx_it.o(i.DebugMon_Handler) for DebugMon_Handler
    startup_stm32f103xb.o(RESET) refers to stm32f1xx_it.o(i.SysTick_Handler) for SysTick_Handler
    startup_stm32f103xb.o(.text) refers to system_stm32f1xx.o(i.SystemInit) for SystemInit
    startup_stm32f103xb.o(.text) refers to entry.o(.ARM.Collect$$$$00000000) for __main
    main.o(i.SystemClock_Config) refers to memseta.o(.text) for __aeabi_memclr4
    main.o(i.SystemClock_Config) refers to stm32f1xx_hal_rcc.o(i.HAL_RCC_OscConfig) for HAL_RCC_OscConfig
    main.o(i.SystemClock_Config) refers to main.o(i.Error_Handler) for Error_Handler
    main.o(i.SystemClock_Config) refers to stm32f1xx_hal_rcc.o(i.HAL_RCC_ClockConfig) for HAL_RCC_ClockConfig
    main.o(i.main) refers to stm32f1xx_hal.o(i.HAL_Init) for HAL_Init
    main.o(i.main) refers to main.o(i.SystemClock_Config) for SystemClock_Config
    main.o(i.main) refers to gpio.o(i.MX_GPIO_Init) for MX_GPIO_Init
    main.o(i.main) refers to usart.o(i.MX_USART2_UART_Init) for MX_USART2_UART_Init
    main.o(i.main) refers to tim.o(i.MX_TIM1_Init) for MX_TIM1_Init
    main.o(i.main) refers to tim.o(i.MX_TIM2_Init) for MX_TIM2_Init
    main.o(i.main) refers to tim.o(i.MX_TIM3_Init) for MX_TIM3_Init
    main.o(i.main) refers to tim.o(i.MX_TIM4_Init) for MX_TIM4_Init
    main.o(i.main) refers to spi.o(i.MX_SPI1_Init) for MX_SPI1_Init
    main.o(i.main) refers to i2c.o(i.MX_I2C1_Init) for MX_I2C1_Init
    main.o(i.main) refers to printfa.o(i.__0printf) for __2printf
    main.o(i.main) refers to int_si24r1.o(i.Int_SI24R1_Init) for Int_SI24R1_Init
    main.o(i.main) refers to app_freertos_task.o(i.App_freeRTOS_Start) for App_freeRTOS_Start
    gpio.o(i.MX_GPIO_Init) refers to stm32f1xx_hal_gpio.o(i.HAL_GPIO_WritePin) for HAL_GPIO_WritePin
    gpio.o(i.MX_GPIO_Init) refers to stm32f1xx_hal_gpio.o(i.HAL_GPIO_Init) for HAL_GPIO_Init
    i2c.o(i.HAL_I2C_MspDeInit) refers to stm32f1xx_hal_gpio.o(i.HAL_GPIO_DeInit) for HAL_GPIO_DeInit
    i2c.o(i.HAL_I2C_MspInit) refers to stm32f1xx_hal_gpio.o(i.HAL_GPIO_Init) for HAL_GPIO_Init
    i2c.o(i.MX_I2C1_Init) refers to stm32f1xx_hal_i2c.o(i.HAL_I2C_Init) for HAL_I2C_Init
    i2c.o(i.MX_I2C1_Init) refers to main.o(i.Error_Handler) for Error_Handler
    i2c.o(i.MX_I2C1_Init) refers to i2c.o(.bss) for hi2c1
    spi.o(i.HAL_SPI_MspDeInit) refers to stm32f1xx_hal_gpio.o(i.HAL_GPIO_DeInit) for HAL_GPIO_DeInit
    spi.o(i.HAL_SPI_MspInit) refers to stm32f1xx_hal_gpio.o(i.HAL_GPIO_Init) for HAL_GPIO_Init
    spi.o(i.MX_SPI1_Init) refers to stm32f1xx_hal_spi.o(i.HAL_SPI_Init) for HAL_SPI_Init
    spi.o(i.MX_SPI1_Init) refers to main.o(i.Error_Handler) for Error_Handler
    spi.o(i.MX_SPI1_Init) refers to spi.o(.bss) for hspi1
    tim.o(i.HAL_TIM_MspPostInit) refers to stm32f1xx_hal_gpio.o(i.HAL_GPIO_Init) for HAL_GPIO_Init
    tim.o(i.MX_TIM1_Init) refers to memseta.o(.text) for __aeabi_memclr4
    tim.o(i.MX_TIM1_Init) refers to stm32f1xx_hal_tim.o(i.HAL_TIM_PWM_Init) for HAL_TIM_PWM_Init
    tim.o(i.MX_TIM1_Init) refers to main.o(i.Error_Handler) for Error_Handler
    tim.o(i.MX_TIM1_Init) refers to stm32f1xx_hal_tim_ex.o(i.HAL_TIMEx_MasterConfigSynchronization) for HAL_TIMEx_MasterConfigSynchronization
    tim.o(i.MX_TIM1_Init) refers to stm32f1xx_hal_tim.o(i.HAL_TIM_PWM_ConfigChannel) for HAL_TIM_PWM_ConfigChannel
    tim.o(i.MX_TIM1_Init) refers to stm32f1xx_hal_tim_ex.o(i.HAL_TIMEx_ConfigBreakDeadTime) for HAL_TIMEx_ConfigBreakDeadTime
    tim.o(i.MX_TIM1_Init) refers to tim.o(i.HAL_TIM_MspPostInit) for HAL_TIM_MspPostInit
    tim.o(i.MX_TIM1_Init) refers to tim.o(.bss) for htim1
    tim.o(i.MX_TIM2_Init) refers to memseta.o(.text) for __aeabi_memclr4
    tim.o(i.MX_TIM2_Init) refers to stm32f1xx_hal_tim.o(i.HAL_TIM_PWM_Init) for HAL_TIM_PWM_Init
    tim.o(i.MX_TIM2_Init) refers to main.o(i.Error_Handler) for Error_Handler
    tim.o(i.MX_TIM2_Init) refers to stm32f1xx_hal_tim_ex.o(i.HAL_TIMEx_MasterConfigSynchronization) for HAL_TIMEx_MasterConfigSynchronization
[...]
    i.HAL_SPI_Init                           0x08002bb4   Section        0  stm32f1xx_hal_spi.o(i.HAL_SPI_Init)
    i.HAL_SPI_MspInit                        0x08002c74   Section        0  spi.o(i.HAL_SPI_MspInit)
    i.HAL_SPI_TransmitReceive                0x08002cf8   Section        0  stm32f1xx_hal_spi.o(i.HAL_SPI_TransmitReceive)
    i.HAL_SYSTICK_Config                     0x08002f40   Section        0  stm32f1xx_hal_cortex.o(i.HAL_SYSTICK_Config)
    i.HAL_TIMEx_ConfigBreakDeadTime          0x08002f74   Section        0  stm32f1xx_hal_tim_ex.o(i.HAL_TIMEx_ConfigBreakDeadTime)
    i.HAL_TIMEx_MasterConfigSynchronization  0x08002fe8   Section        0  stm32f1xx_hal_tim_ex.o(i.HAL_TIMEx_MasterConfigSynchronization)
    i.HAL_TIM_MspPostInit                    0x0800306c   Section        0  tim.o(i.HAL_TIM_MspPostInit)
    i.HAL_TIM_PWM_ConfigChannel              0x0800318c   Section        0  stm32f1xx_hal_tim.o(i.HAL_TIM_PWM_ConfigChannel)
    i.HAL_TIM_PWM_Init                       0x08003290   Section        0  stm32f1xx_hal_tim.o(i.HAL_TIM_PWM_Init)
    i.HAL_TIM_PWM_MspInit                    0x080032f8   Section        0  tim.o(i.HAL_TIM_PWM_MspInit)
    i.HAL_UART_Init                          0x0800339c   Section        0  stm32f1xx_hal_uart.o(i.HAL_UART_Init)
    i.HAL_UART_MspInit                       0x08003414   Section        0  usart.o(i.HAL_UART_MspInit)
    i.HAL_UART_Transmit                      0x08003498   Section        0  stm32f1xx_hal_uart.o(i.HAL_UART_Transmit)
    i.HardFault_Handler                      0x08003556   Section        0  stm32f1xx_it.o(i.HardFault_Handler)
    i.I2C_IsAcknowledgeFailed                0x0800355a   Section        0  stm32f1xx_hal_i2c.o(i.I2C_IsAcknowledgeFailed)
    I2C_IsAcknowledgeFailed                  0x0800355b   Thumb Code    62  stm32f1xx_hal_i2c.o(i.I2C_IsAcknowledgeFailed)
    i.I2C_RequestMemoryRead                  0x08003598   Section        0  stm32f1xx_hal_i2c.o(i.I2C_RequestMemoryRead)
    I2C_RequestMemoryRead                    0x08003599   Thumb Code   348  stm32f1xx_hal_i2c.o(i.I2C_RequestMemoryRead)
    i.I2C_RequestMemoryWrite                 0x080036f8   Section        0  stm32f1xx_hal_i2c.o(i.I2C_RequestMemoryWrite)
    I2C_RequestMemoryWrite                   0x080036f9   Thumb Code   220  stm32f1xx_hal_i2c.o(i.I2C_RequestMemoryWrite)
    i.I2C_WaitOnBTFFlagUntilTimeout          0x080037d8   Section        0  stm32f1xx_hal_i2c.o(i.I2C_WaitOnBTFFlagUntilTimeout)
    I2C_WaitOnBTFFlagUntilTimeout            0x080037d9   Thumb Code   102  stm32f1xx_hal_i2c.o(i.I2C_WaitOnBTFFlagUntilTimeout)
    i.I2C_WaitOnFlagUntilTimeout             0x0800383e   Section        0  stm32f1xx_hal_i2c.o(i.I2C_WaitOnFlagUntilTimeout)
    I2C_WaitOnFlagUntilTimeout               0x0800383f   Thumb Code   190  stm32f1xx_hal_i2c.o(i.I2C_WaitOnFlagUntilTimeout)
    i.I2C_WaitOnMasterAddressFlagUntilTimeout 0x080038fc   Section        0  stm32f1xx_hal_i2c.o(i.I2C_WaitOnMasterAddressFlagUntilTimeout)
    I2C_WaitOnMasterAddressFlagUntilTimeout  0x080038fd   Thumb Code   250  stm32f1xx_hal_i2c.o(i.I2C_WaitOnMasterAddressFlagUntilTimeout)
    i.I2C_WaitOnRXNEFlagUntilTimeout         0x080039f6   Section        0  stm32f1xx_hal_i2c.o(i.I2C_WaitOnRXNEFlagUntilTimeout)
    I2C_WaitOnRXNEFlagUntilTimeout           0x080039f7   Thumb Code   138  stm32f1xx_hal_i2c.o(i.I2C_WaitOnRXNEFlagUntilTimeout)
    i.I2C_WaitOnTXEFlagUntilTimeout          0x08003a80   Section        0  stm32f1xx_hal_i2c.o(i.I2C_WaitOnTXEFlagUntilTimeout)
    I2C_WaitOnTXEFlagUntilTimeout            0x08003a81   Thumb Code   102  stm32f1xx_hal_i2c.o(i.I2C_WaitOnTXEFlagUntilTimeout)
    i.Int_IP5305T_Shutdown                   0x08003ae8   Section        0  int_ip5305t.o(i.Int_IP5305T_Shutdown)
    i.Int_IP5305T_Start                      0x08003b2c   Section        0  int_ip5305t.o(i.Int_IP5305T_Start)
    i.Int_LED_Off                            0x08003b50   Section        0  int_led.o(i.Int_LED_Off)
    i.Int_LED_On                             0x08003b60   Section        0  int_led.o(i.Int_LED_On)
    i.Int_LED_Toggle                         0x08003b70   Section        0  int_led.o(i.Int_LED_Toggle)
    i.Int_SI24R1_Check                       0x08003b80   Section        0  int_si24r1.o(i.Int_SI24R1_Check)
    i.Int_SI24R1_Init                        0x08003bc8   Section        0  int_si24r1.o(i.Int_SI24R1_Init)
    i.Int_SI24R1_RX_Mode                     0x08003c24   Section        0  int_si24r1.o(i.Int_SI24R1_RX_Mode)
    i.Int_SI24R1_Read_Buf                    0x08003c88   Section        0  int_si24r1.o(i.Int_SI24R1_Read_Buf)
    i.Int_SI24R1_Read_Reg                    0x08003ccc   Section        0  int_si24r1.o(i.Int_SI24R1_Read_Reg)
    i.Int_SI24R1_RxPacket                    0x08003cfc   Section        0  int_si24r1.o(i.Int_SI24R1_RxPacket)
    i.Int_SI24R1_Write_Buf                   0x08003d30   Section        0  int_si24r1.o(i.Int_SI24R1_Write_Buf)
    i.Int_SI24R1_Write_Reg                   0x08003d74   Section        0  int_si24r1.o(i.Int_SI24R1_Write_Reg)
    i.Int_mpu6050_GetAllData                 0x08003da4   Section        0  int_mpu6050.o(i.Int_mpu6050_GetAllData)
    i.Int_mpu6050_calibrate                  0x08003db8   Section        0  int_mpu6050.o(i.Int_mpu6050_calibrate)
    i.Int_mpu6050_get_Accel                  0x08003f04   Section        0  int_mpu6050.o(i.Int_mpu6050_get_Accel)
    i.Int_mpu6050_get_Gyro                   0x08003f90   Section        0  int_mpu6050.o(i.Int_mpu6050_get_Gyro)
    i.Int_mpu6050_init                       0x0800401c   Section        0  int_mpu6050.o(i.Int_mpu6050_init)
    i.Int_mpu6050_read_reg                   0x0800408c   Section        0  int_mpu6050.o(i.Int_mpu6050_read_reg)
    i.Int_mpu6050_write_reg                  0x080040b0   Section        0  int_mpu6050.o(i.Int_mpu6050_write_reg)
    i.LED_Status_Task                        0x080040d8   Section        0  app_freertos_task.o(i.LED_Status_Task)
    i.MX_GPIO_Init                           0x080041a4   Section        0  gpio.o(i.MX_GPIO_Init)
    i.MX_I2C1_Init                           0x08004284   Section        0  i2c.o(i.MX_I2C1_Init)
    i.MX_SPI1_Init                           0x080042c0   Section        0  spi.o(i.MX_SPI1_Init)
    i.MX_TIM1_Init                           0x08004304   Section        0  tim.o(i.MX_TIM1_Init)
    i.MX_TIM2_Init                           0x080043b4   Section        0  tim.o(i.MX_TIM2_Init)
    i.MX_TIM3_Init                           0x08004430   Section        0  tim.o(i.MX_TIM3_Init)
    i.MX_TIM4_Init                           0x080044ac   Section        0  tim.o(i.MX_TIM4_Init)
    i.MX_USART2_UART_Init                    0x08004528   Section        0  usart.o(i.MX_USART2_UART_Init)
    i.MemManage_Handler                      0x08004560   Section        0  stm32f1xx_it.o(i.MemManage_Handler)
    i.NMI_Handler                            0x08004564   Section        0  stm32f1xx_it.o(i.NMI_Handler)
    i.Power_Task                             0x08004568   Section        0  app_freertos_task.o(i.Power_Task)
    i.Q_rsqrt                                0x0800458c   Section        0  com_imu.o(i.Q_rsqrt)
    Q_rsqrt                                  0x0800458d   Thumb Code    74  com_imu.o(i.Q_rsqrt)
    i.RCC_Delay                              0x080045dc   Section        0  stm32f1xx_hal_rcc.o(i.RCC_Delay)
    RCC_Delay                                0x080045dd   Thumb Code    36  stm32f1xx_hal_rcc.o(i.RCC_Delay)
    i.SPI_EndRxTxTransaction                 0x08004604   Section        0  stm32f1xx_hal_spi.o(i.SPI_EndRxTxTransaction)
    SPI_EndRxTxTransaction                   0x08004605   Thumb Code    68  stm32f1xx_hal_spi.o(i.SPI_EndRxTxTransaction)
    i.SPI_RW                                 0x08004648   Section        0  int_si24r1.o(i.SPI_RW)
    SPI_RW                                   0x08004649   Thumb Code    30  int_si24r1.o(i.SPI_RW)
    i.SPI_WaitFlagStateUntilTimeout          0x0800466c   Section        0  stm32f1xx_hal_spi.o(i.SPI_WaitFlagStateUntilTimeout)
    SPI_WaitFlagStateUntilTimeout            0x0800466d   Thumb Code   210  stm32f1xx_hal_spi.o(i.SPI_WaitFlagStateUntilTimeout)
    i.SysTick_Handler                        0x08004744   Section        0  stm32f1xx_it.o(i.SysTick_Handler)
    i.SystemClock_Config                     0x08004758   Section        0  main.o(i.SystemClock_Config)
    i.SystemInit                             0x080047be   Section        0  system_stm32f1xx.o(i.SystemInit)
    i.TIM_Base_SetConfig                     0x080047c0   Section        0  stm32f1xx_hal_tim.o(i.TIM_Base_SetConfig)
    i.TIM_OC1_SetConfig                      0x08004844   Section        0  stm32f1xx_hal_tim.o(i.TIM_OC1_SetConfig)
    TIM_OC1_SetConfig                        0x08004845   Thumb Code    90  stm32f1xx_hal_tim.o(i.TIM_OC1_SetConfig)
    i.TIM_OC2_SetConfig                      0x080048a4   Section        0  stm32f1xx_hal_tim.o(i.TIM_OC2_SetConfig)
    i.TIM_OC3_SetConfig                      0x0800490c   Section        0  stm32f1xx_hal_tim.o(i.TIM_OC3_SetConfig)
    TIM_OC3_SetConfig                        0x0800490d   Thumb Code    98  stm32f1xx_hal_tim.o(i.TIM_OC3_SetConfig)
    i.TIM_OC4_SetConfig                      0x08004974   Section        0  stm32f1xx_hal_tim.o(i.TIM_OC4_SetConfig)
    TIM_OC4_SetConfig                        0x08004975   Thumb Code    68  stm32f1xx_hal_tim.o(i.TIM_OC4_SetConfig)
    i.UART_EndRxTransfer                     0x080049bc   Section        0  stm32f1xx_hal_uart.o(i.UART_EndRxTransfer)
    UART_EndRxTransfer                       0x080049bd   Thumb Code   108  stm32f1xx_hal_uart.o(i.UART_EndRxTransfer)
    i.UART_SetConfig                         0x08004a28   Section        0  stm32f1xx_hal_uart.o(i.UART_SetConfig)
    UART_SetConfig                           0x08004a29   Thumb Code   248  stm32f1xx_hal_uart.o(i.UART_SetConfig)
    i.UART_WaitOnFlagUntilTimeout            0x08004b24   Section        0  stm32f1xx_hal_uart.o(i.UART_WaitOnFlagUntilTimeout)
    UART_WaitOnFlagUntilTimeout              0x08004b25   Thumb Code   140  stm32f1xx_hal_uart.o(i.UART_WaitOnFlagUntilTimeout)
    i.UsageFault_Handler                     0x08004bb0   Section        0  stm32f1xx_it.o(i.UsageFault_Handler)
    i.__0printf                              0x08004bb4   Section        0  printfa.o(i.__0printf)
    i.__ARM_fpclassify                       0x08004bd4   Section        0  fpclassify.o(i.__ARM_fpclassify)
    i.__ARM_fpclassifyf                      0x08004bfc   Section        0  fpclassifyf.o(i.__ARM_fpclassifyf)
    i.__NVIC_GetPriorityGrouping             0x08004c24   Section        0  stm32f1xx_hal_cortex.o(i.__NVIC_GetPriorityGrouping)
    __NVIC_GetPriorityGrouping               0x08004c25   Thumb Code    10  stm32f1xx_hal_cortex.o(i.__NVIC_GetPriorityGrouping)
    i.__NVIC_SetPriority                     0x08004c34   Section        0  stm32f1xx_hal_cortex.o(i.__NVIC_SetPriority)
    __NVIC_SetPriority                       0x08004c35   Thumb Code    32  stm32f1xx_hal_cortex.o(i.__NVIC_SetPriority)
    i.__kernel_poly                          0x08004c5c   Section        0  poly.o(i.__kernel_poly)
    i.__mathlib_dbl_infnan                   0x08004d06   Section        0  dunder.o(i.__mathlib_dbl_infnan)
    i.__mathlib_dbl_invalid                  0x08004d0c   Section        0  dunder.o(i.__mathlib_dbl_invalid)
    i.__mathlib_dbl_underflow                0x08004d18   Section        0  dunder.o(i.__mathlib_dbl_underflow)
    i.__mathlib_flt_infnan2                  0x08004d28   Section        0  funder.o(i.__mathlib_flt_infnan2)
    i.__mathlib_flt_underflow                0x08004d2c   Section        0  funder.o(i.__mathlib_flt_underflow)
    i.__scatterload_copy                     0x08004d36   Section       14  handlers.o(i.__scatterload_copy)
    i.__scatterload_null                     0x08004d44   Section        2  handlers.o(i.__scatterload_null)
    i.__scatterload_zeroinit                 0x08004d46   Section       14  handlers.o(i.__scatterload_zeroinit)
    i.__set_errno                            0x08004d54   Section        0  errno.o(i.__set_errno)
    i._fp_digits                             0x08004d60   Section        0  printfa.o(i._fp_digits)
    _fp_digits                               0x08004d61   Thumb Code   366  printfa.o(i._fp_digits)
    i._printf_core                           0x08004ee4   Section        0  printfa.o(i._printf_core)
    _printf_core                             0x08004ee5   Thumb Code  1744  printfa.o(i._printf_core)
    i._printf_post_padding                   0x080055c0   Section        0  printfa.o(i._printf_post_padding)
    _printf_post_padding                     0x080055c1   Thumb Code    36  printfa.o(i._printf_post_padding)
    i._printf_pre_padding                    0x080055e4   Section        0  printfa.o(i._printf_pre_padding)
    _printf_pre_padding                      0x080055e5   Thumb Code    46  printfa.o(i._printf_pre_padding)
    i.asin                                   0x08005614   Section        0  asin.o(i.asin)
    i.atan2f                                 0x08005884   Section        0  atan2f.o(i.atan2f)
    i.fputc                                  0x08005ae0   Section        0  com_debug.o(i.fputc)
    i.main                                   0x08005afc   Section        0  main.o(i.main)
    i.prvAddCurrentTaskToDelayedList         0x08005b60   Section        0  tasks.o(i.prvAddCurrentTaskToDelayedList)
    prvAddCurrentTaskToDelayedList           0x08005b61   Thumb Code   164  tasks.o(i.prvAddCurrentTaskToDelayedList)
    i.prvAddNewTaskToReadyList               0x08005c20   Section        0  tasks.o(i.prvAddNewTaskToReadyList)
    prvAddNewTaskToReadyList                 0x08005c21   Thumb Code   200  tasks.o(i.prvAddNewTaskToReadyList)
    i.prvCheckTasksWaitingTermination        0x08005d04   Section        0  tasks.o(i.prvCheckTasksWaitingTermination)
    prvCheckTasksWaitingTermination          0x08005d05   Thumb Code    60  tasks.o(i.prvCheckTasksWaitingTermination)
    i.prvDeleteTCB                           0x08005d4c   Section        0  tasks.o(i.prvDeleteTCB)
    prvDeleteTCB                             0x08005d4d   Thumb Code    18  tasks.o(i.prvDeleteTCB)
    i.prvHeapInit                            0x08005d60   Section        0  heap_4.o(i.prvHeapInit)
    prvHeapInit                              0x08005d61   Thumb Code    90  heap_4.o(i.prvHeapInit)
    i.prvIdleTask                            0x08005dd0   Section        0  tasks.o(i.prvIdleTask)
    prvIdleTask                              0x08005dd1   Thumb Code    32  tasks.o(i.prvIdleTask)
    i.prvInitialiseNewTask                   0x08005df8   Section        0  tasks.o(i.prvInitialiseNewTask)
    prvInitialiseNewTask                     0x08005df9   Thumb Code   122  tasks.o(i.prvInitialiseNewTask)
    i.prvInitialiseTaskLists                 0x08005e74   Section        0  tasks.o(i.prvInitialiseTaskLists)
    prvInitialiseTaskLists                   0x08005e75   Thumb Code    70  tasks.o(i.prvInitialiseTaskLists)
    i.prvInsertBlockIntoFreeList             0x08005edc   Section        0  heap_4.o(i.prvInsertBlockIntoFreeList)
    prvInsertBlockIntoFreeList               0x08005edd   Thumb Code    96  heap_4.o(i.prvInsertBlockIntoFreeList)
    i.prvResetNextTaskUnblockTime            0x08005f44   Section        0  tasks.o(i.prvResetNextTaskUnblockTime)
    prvResetNextTaskUnblockTime              0x08005f45   Thumb Code    40  tasks.o(i.prvResetNextTaskUnblockTime)
    i.prvTaskExitError                       0x08005f74   Section        0  port.o(i.prvTaskExitError)
    prvTaskExitError                         0x08005f75   Thumb Code    22  port.o(i.prvTaskExitError)
    i.pvPortMalloc                           0x08005f8c   Section        0  heap_4.o(i.pvPortMalloc)
    i.pxPortInitialiseStack                  0x08006070   Section        0  port.o(i.pxPortInitialiseStack)
    i.sqrt                                   0x08006094   Section        0  sqrt.o(i.sqrt)
    i.ulTaskGenericNotifyTake                0x080060e0   Section        0  tasks.o(i.ulTaskGenericNotifyTake)
    i.uxListRemove                           0x08006168   Section        0  list.o(i.uxListRemove)
    i.vListInitialise                        0x08006190   Section        0  list.o(i.vListInitialise)
    i.vListInitialiseItem                    0x080061aa   Section        0  list.o(i.vListInitialiseItem)
    i.vListInsert                            0x080061b0   Section        0  list.o(i.vListInsert)
    i.vPortEnterCritical                     0x080061e4   Section        0  port.o(i.vPortEnterCritical)
    i.vPortExitCritical                      0x08006208   Section        0  port.o(i.vPortExitCritical)
    i.vPortFree                              0x08006228   Section        0  heap_4.o(i.vPortFree)
    i.vPortSetupTimerInterrupt               0x08006274   Section        0  port.o(i.vPortSetupTimerInterrupt)
    i.vTaskDelay                             0x0800628c   Section        0  tasks.o(i.vTaskDelay)
    i.vTaskStartScheduler                    0x080062c0   Section        0  tasks.o(i.vTaskStartScheduler)
    i.vTaskSuspendAll                        0x0800632c   Section        0  tasks.o(i.vTaskSuspendAll)
    i.vTaskSwitchContext                     0x0800633c   Section        0  tasks.o(i.vTaskSwitchContext)
    i.xPortStartScheduler                    0x0800639c   Section        0  port.o(i.xPortStartScheduler)
    i.xPortSysTickHandler                    0x080063d0   Section        0  port.o(i.xPortSysTickHandler)
    i.xTaskCreate                            0x08006404   Section        0  tasks.o(i.xTaskCreate)
    i.xTaskDelayUntil                        0x0800646c   Section        0  tasks.o(i.xTaskDelayUntil)
    i.xTaskGenericNotify                     0x080064e0   Section        0  tasks.o(i.xTaskGenericNotify)
    i.xTaskGetSchedulerState                 0x0800662c   Section        0  tasks.o(i.xTaskGetSchedulerState)
    i.xTaskGetTickCount                      0x0800664c   Section        0  tasks.o(i.xTaskGetTickCount)
    i.xTaskIncrementTick                     0x08006658   Section        0  tasks.o(i.xTaskIncrementTick)
    i.xTaskResumeAll                         0x080067e8   Section        0  tasks.o(i.xTaskResumeAll)
    .constdata                               0x08006944   Section       18  stm32f1xx_hal_rcc.o(.constdata)
    aPLLMULFactorTable                       0x08006944   Data          16  stm32f1xx_hal_rcc.o(.constdata)
    aPredivFactorTable                       0x08006954   Data           2  stm32f1xx_hal_rcc.o(.constdata)
    .constdata                               0x08006956   Section       24  system_stm32f1xx.o(.constdata)
    .constdata                               0x08006970   Section       80  asin.o(.constdata)
    pS                                       0x08006970   Data          48  asin.o(.constdata)
    qS                                       0x080069a0   Data          32  asin.o(.constdata)
    .data                                    0x20000000   Section        9  stm32f1xx_hal.o(.data)
    .data                                    0x2000000c   Section        4  system_stm32f1xx.o(.data)
    .data                                    0x20000010   Section       72  com_filter.o(.data)
    .data                                    0x20000058   Section       48  com_imu.o(.data)
    normAccz                                 0x20000068   Data           8  com_imu.o(.data)
    KpDef                                    0x20000070   Data           4  com_imu.o(.data)
    KiDef                                    0x20000074   Data           4  com_imu.o(.data)
    NumQ                                     0x20000078   Data          16  com_imu.o(.data)
    .data                                    0x20000088   Section       64  tasks.o(.data)
    pxDelayedTaskList                        0x2000008c   Data           4  tasks.o(.data)
    pxOverflowDelayedTaskList                0x20000090   Data           4  tasks.o(.data)
    uxDeletedTasksWaitingCleanUp             0x20000094   Data           4  tasks.o(.data)
    uxCurrentNumberOfTasks                   0x20000098   Data           4  tasks.o(.data)
    xTickCount                               0x2000009c   Data           4  tasks.o(.data)
    uxTopReadyPriority                       0x200000a0   Data           4  tasks.o(.data)
    xSchedulerRunning                        0x200000a4   Data           4  tasks.o(.data)
    xPendedTicks                             0x200000a8   Data           4  tasks.o(.data)
    xYieldPending                            0x200000ac   Data           4  tasks.o(.data)
    xNumOfOverflows                          0x200000b0   Data           4  tasks.o(.data)
    uxTaskNumber                             0x200000b4   Data           4  tasks.o(.data)
    xNextTaskUnblockTime                     0x200000b8   Data           4  tasks.o(.data)
    xIdleTaskHandle                          0x200000bc   Data           4  tasks.o(.data)
    uxSchedulerSuspended                     0x200000c4   Data           4  tasks.o(.data)
    .data                                    0x200000c8   Section       28  heap_4.o(.data)
    xStart                                   0x200000c8   Data           8  heap_4.o(.data)
    pxEnd                                    0x200000d0   Data           4  heap_4.o(.data)
    xFreeBytesRemaining                      0x200000d4   Data           4  heap_4.o(.data)
    xMinimumEverFreeBytesRemaining           0x200000d8   Data           4  heap_4.o(.data)
    xNumberOfSuccessfulAllocations           0x200000dc   Data           4  heap_4.o(.data)
    xNumberOfSuccessfulFrees                 0x200000e0   Data           4  heap_4.o(.data)
    .data                                    0x200000e4   Section        4  port.o(.data)
    uxCriticalNesting                        0x200000e4   Data           4  port.o(.data)
    .data                                    0x200000e8   Section       84  app_freertos_task.o(.data)
    .data                                    0x2000013c   Section       13  app_receive_data.o(.data)
    .data                                    0x2000014c   Section       12  app_flight.o(.data)
    .data                                    0x20000158   Section       10  int_si24r1.o(.data)
    .data                                    0x20000164   Section       24  int_mpu6050.o(.data)
    .data                                    0x2000017c   Section        4  stdout.o(.data)
    .data                                    0x20000180   Section        4  errno.o(.data)
    _errno                                   0x20000180   Data           4  errno.o(.data)
    .bss                                     0x20000184   Section       84  i2c.o(.bss)
    .bss                                     0x200001d8   Section       88  spi.o(.bss)
    .bss                                     0x20000230   Section      288  tim.o(.bss)
    .bss                                     0x20000350   Section       72  usart.o(.bss)
    .bss                                     0x20000398   Section       12  com_imu.o(.bss)
    GyroIntegError                           0x20000398   Data          12  com_imu.o(.bss)
    .bss                                     0x200003a4   Section      200  tasks.o(.bss)
    pxReadyTasksLists                        0x200003a4   Data         100  tasks.o(.bss)
    xDelayedTaskList1                        0x20000408   Data          20  tasks.o(.bss)
    xDelayedTaskList2                        0x2000041c   Data          20  tasks.o(.bss)
    xPendingReadyList                        0x20000430   Data          20  tasks.o(.bss)
    xTasksWaitingTermination                 0x20000444   Data          20  tasks.o(.bss)
    xSuspendedTaskList                       0x20000458   Data          20  tasks.o(.bss)
    .bss                                     0x2000046c   Section    17408  heap_4.o(.bss)
    ucHeap                                   0x2000046c   Data       17408  heap_4.o(.bss)
    .bss                                     0x2000486c   Section       27  app_receive_data.o(.bss)
    .bss                                     0x20004888   Section       24  app_flight.o(.bss)
    STACK                                    0x200048a0   Section     1024  startup_stm32f103xb.o(STACK)

    Global Symbols

    Symbol Name                              Value     Ov Type        Size  Object(Section)

    BuildAttributes$$THM_ISAv4$P$D$K$B$S$PE$A:L22UL41UL21$X:L11$S22US41US21$IEEE1$IW$USESV6$~STKCKD$USESV7$~SHL$OTIME$ROPI$IEEEX$EBA8$MICROLIB$REQ8$PRES8$EABIv2 0x00000000   Number         0  anon$$obj.o ABSOLUTE
    __ARM_use_no_argv                        0x00000000   Number         0  main.o ABSOLUTE
    _printf_a                                0x00000000   Number         0  stubs.o ABSOLUTE
    _printf_c                                0x00000000   Number         0  stubs.o ABSOLUTE
    _printf_charcount                        0x00000000   Number         0  stubs.o ABSOLUTE
    _printf_d                                0x00000000   Number         0  stubs.o ABSOLUTE
    _printf_e                                0x00000000   Number         0  stubs.o ABSOLUTE
    _printf_f                                0x00000000   Number         0  stubs.o ABSOLUTE
    _printf_flags                            0x00000000   Number         0  stubs.o ABSOLUTE
    _printf_fp_dec                           0x00000000   Number         0  stubs.o ABSOLUTE
    _printf_fp_hex                           0x00000000   Number         0  stubs.o ABSOLUTE
    _printf_g                                0x00000000   Number         0  stubs.o ABSOLUTE
    _printf_i                                0x00000000   Number         0  stubs.o ABSOLUTE
    _printf_int_dec                          0x00000000   Number         0  stubs.o ABSOLUTE
    _printf_l                                0x00000000   Number         0  stubs.o ABSOLUTE
    _printf_lc                               0x00000000   Number         0  stubs.o ABSOLUTE
    _printf_ll                               0x00000000   Number         0  stubs.o ABSOLUTE
    _printf_lld                              0x00000000   Number         0  stubs.o ABSOLUTE
    _printf_lli                              0x00000000   Number         0  stubs.o ABSOLUTE
    _printf_llo                              0x00000000   Number         0  stubs.o ABSOLUTE
    _printf_llu                              0x00000000   Number         0  stubs.o ABSOLUTE
    _printf_llx                              0x00000000   Number         0  stubs.o ABSOLUTE
    _printf_longlong_dec                     0x00000000   Number         0  stubs.o ABSOLUTE
    _printf_longlong_hex                     0x00000000   Number         0  stubs.o ABSOLUTE
    _printf_longlong_oct                     0x00000000   Number         0  stubs.o ABSOLUTE
    _printf_ls                               0x00000000   Number         0  stubs.o ABSOLUTE
    _printf_mbtowc                           0x00000000   Number         0  stubs.o ABSOLUTE
    _printf_n                                0x00000000   Number         0  stubs.o ABSOLUTE
    _printf_o                                0x00000000   Number         0  stubs.o ABSOLUTE
    _printf_p                                0x00000000   Number         0  stubs.o ABSOLUTE
    _printf_percent                          0x00000000   Number         0  stubs.o ABSOLUTE
    _printf_pre_padding                      0x00000000   Number         0  stubs.o ABSOLUTE
    _printf_return_value                     0x00000000   Number         0  stubs.o ABSOLUTE
    _printf_s                                0x00000000   Number         0  stubs.o ABSOLUTE
    _printf_sizespec                         0x00000000   Number         0  stubs.o ABSOLUTE
    _printf_str                              0x00000000   Number         0  stubs.o ABSOLUTE
    _printf_truncate_signed                  0x00000000   Number         0  stubs.o ABSOLUTE
    _printf_truncate_unsigned                0x00000000   Number         0  stubs.o ABSOLUTE
    _printf_u                                0x00000000   Number         0  stubs.o ABSOLUTE
    _printf_wc                               0x00000000   Number         0  stubs.o ABSOLUTE
    _printf_wctomb                           0x00000000   Number         0  stubs.o ABSOLUTE
    _printf_widthprec                        0x00000000   Number         0  stubs.o ABSOLUTE
    _printf_x                                0x00000000   Number         0  stubs.o ABSOLUTE
    __cpp_initialize__aeabi_                  - Undefined Weak Reference
    __cxa_finalize                            - Undefined Weak Reference
    _clock_init                               - Undefined Weak Reference
    _microlib_exit                            - Undefined Weak Reference
    __Vectors_Size                           0x000000ec   Number         0  startup_stm32f103xb.o ABSOLUTE
    __Vectors                                0x08000000   Data           4  startup_stm32f103xb.o(RESET)
    __Vectors_End                            0x080000ec   Data           0  startup_stm32f103xb.o(RESET)
    __main                                   0x080000ed   Thumb Code     0  entry.o(.ARM.Collect$$$$00000000)
    _main_stk                                0x080000ed   Thumb Code     0  entry2.o(.ARM.Collect$$$$00000001)
    _main_scatterload                        0x080000f1   Thumb Code     0  entry5.o(.ARM.Collect$$$$00000004)
    __main_after_scatterload                 0x080000f5   Thumb Code     0  entry5.o(.ARM.Collect$$$$00000004)
    _main_clock                              0x080000f5   Thumb Code     0  entry7b.o(.ARM.Collect$$$$00000008)
    _main_cpp_init                           0x080000f5   Thumb Code     0  entry8b.o(.ARM.Collect$$$$0000000A)
    _main_init                               0x080000f5   Thumb Code     0  entry9a.o(.ARM.Collect$$$$0000000B)
    __rt_final_cpp                           0x080000fd   Thumb Code     0  entry10a.o(.ARM.Collect$$$$0000000D)
    __rt_final_exit                          0x080000fd   Thumb Code     0  entry11a.o(.ARM.Collect$$$$0000000F)
    SVC_Handler                              0x08000101   Thumb Code    32  port.o(.emb_text)
    __asm___6_port_c_39a90d8d__prvStartFirstTask 0x08000125   Thumb Code    28  port.o(.emb_text)
    PendSV_Handler                           0x08000145   Thumb Code    72  port.o(.emb_text)
    vPortGetIPSR                             0x08000191   Thumb Code     6  port.o(.emb_text)
    Reset_Handler                            0x08000199   Thumb Code     8  startup_stm32f103xb.o(.text)
    ADC1_2_IRQHandler                        0x080001b3   Thumb Code     0  startup_stm32f103xb.o(.text)
    CAN1_RX1_IRQHandler                      0x080001b3   Thumb Code     0  startup_stm32f103xb.o(.text)
    CAN1_SCE_IRQHandler                      0x080001b3   Thumb Code     0  startup_stm32f103xb.o(.text)
    DMA1_Channel1_IRQHandler                 0x080001b3   Thumb Code     0  startup_stm32f103xb.o(.text)
    DMA1_Channel2_IRQHandler                 0x080001b3   Thumb Code     0  startup_stm32f103xb.o(.text)
    DMA1_Channel3_IRQHandler                 0x080001b3   Thumb Code     0  startup_stm32f103xb.o(.text)
    DMA1_Channel4_IRQHandler                 0x080001b3   Thumb Code     0  startup_stm32f103xb.o(.text)
    DMA1_Channel5_IRQHandler                 0x080001b3   Thumb Code     0  startup_stm32f103xb.o(.text)
    DMA1_Channel6_IRQHandler                 0x080001b3   Thumb Code     0  startup_stm32f103xb.o(.text)
    DMA1_Channel7_IRQHandler                 0x080001b3   Thumb Code     0  startup_stm32f103xb.o(.text)
    EXTI0_IRQHandler                         0x080001b3   Thumb Code     0  startup_stm32f103xb.o(.text)
    EXTI15_10_IRQHandler                     0x080001b3   Thumb Code     0  startup_stm32f103xb.o(.text)
    EXTI1_IRQHandler                         0x080001b3   Thumb Code     0  startup_stm32f103xb.o(.text)
    EXTI2_IRQHandler                         0x080001b3   Thumb Code     0  startup_stm32f103xb.o(.text)
    EXTI3_IRQHandler                         0x080001b3   Thumb Code     0  startup_stm32f103xb.o(.text)
    EXTI4_IRQHandler                         0x080001b3   Thumb Code     0  startup_stm32f103xb.o(.text)
    EXTI9_5_IRQHandler                       0x080001b3   Thumb Code     0  startup_stm32f103xb.o(.text)
    FLASH_IRQHandler                         0x080001b3   Thumb Code     0  startup_stm32f103xb.o(.text)
    I2C1_ER_IRQHandler                       0x080001b3   Thumb Code     0  startup_stm32f103xb.o(.text)
    I2C1_EV_IRQHandler                       0x080001b3   Thumb Code     0  startup_stm32f103xb.o(.text)
    I2C2_ER_IRQHandler                       0x080001b3   Thumb Code     0  startup_stm32f103xb.o(.text)
    I2C2_EV_IRQHandler                       0x080001b3   Thumb Code     0  startup_stm32f103xb.o(.text)
    PVD_IRQHandler                           0x080001b3   Thumb Code     0  startup_stm32f103xb.o(.text)
    RCC_IRQHandler                           0x080001b3   Thumb Code     0  startup_stm32f103xb.o(.text)
    RTC_Alarm_IRQHandler                     0x080001b3   Thumb Code     0  startup_stm32f103xb.o(.text)
    RTC_IRQHandler                           0x080001b3   Thumb Code     0  startup_stm32f103xb.o(.text)
    SPI1_IRQHandler                          0x080001b3   Thumb Code     0  startup_stm32f103xb.o(.text)
    SPI2_IRQHandler                          0x080001b3   Thumb Code     0  startup_stm32f103xb.o(.text)
    TAMPER_IRQHandler                        0x080001b3   Thumb Code     0  startup_stm32f103xb.o(.text)
    TIM1_BRK_IRQHandler                      0x080001b3   Thumb Code     0  startup_stm32f103xb.o(.text)
    TIM1_CC_IRQHandler                       0x080001b3   Thumb Code     0  startup_stm32f103xb.o(.text)
    TIM1_TRG_COM_IRQHandler                  0x080001b3   Thumb Code     0  startup_stm32f103xb.o(.text)
    TIM1_UP_IRQHandler                       0x080001b3   Thumb Code     0  startup_stm32f103xb.o(.text)
    TIM2_IRQHandler                          0x080001b3   Thumb Code     0  startup_stm32f103xb.o(.text)
    TIM3_IRQHandler                          0x080001b3   Thumb Code     0  startup_stm32f103xb.o(.text)
    TIM4_IRQHandler                          0x080001b3   Thumb Code     0  startup_stm32f103xb.o(.text)
    USART1_IRQHandler                        0x080001b3   Thumb Code     0  startup_stm32f103xb.o(.text)
    USART2_IRQHandler                        0x080001b3   Thumb Code     0  startup_stm32f103xb.o(.text)
    USART3_IRQHandler                        0x080001b3   Thumb Code     0  startup_stm32f103xb.o(.text)
    USBWakeUp_IRQHandler                     0x080001b3   Thumb Code     0  startup_stm32f103xb.o(.text)
    USB_HP_CAN1_TX_IRQHandler                0x080001b3   Thumb Code     0  startup_stm32f103xb.o(.text)
    USB_LP_CAN1_RX0_IRQHandler               0x080001b3   Thumb Code     0  startup_stm32f103xb.o(.text)
    WWDG_IRQHandler                          0x080001b3   Thumb Code     0  startup_stm32f103xb.o(.text)
    __aeabi_llsr                             0x080001bd   Thumb Code    32  llushr.o(.text)
    _ll_ushift_r                             0x080001bd   Thumb Code     0  llushr.o(.text)
    __aeabi_memset                           0x080001dd   Thumb Code    14  memseta.o(.text)
    __aeabi_memset4                          0x080001dd   Thumb Code     0  memseta.o(.text)
    __aeabi_memset8                          0x080001dd   Thumb Code     0  memseta.o(.text)
    __aeabi_memclr                           0x080001eb   Thumb Code     4  memseta.o(.text)
    __aeabi_memclr4                          0x080001eb   Thumb Code     0  memseta.o(.text)
    __aeabi_memclr8                          0x080001eb   Thumb Code     0  memseta.o(.text)
    _memset$wrapper                          0x080001ef   Thumb Code    18  memseta.o(.text)
    __aeabi_fadd                             0x08000201   Thumb Code   164  fadd.o(.text)
    __aeabi_fsub                             0x080002a5   Thumb Code     6  fadd.o(.text)
    __aeabi_frsub                            0x080002ab   Thumb Code     6  fadd.o(.text)
    __aeabi_fmul                             0x080002b1   Thumb Code   100  fmul.o(.text)
    __aeabi_fdiv                             0x08000315   Thumb Code   124  fdiv.o(.text)
    __aeabi_dadd                             0x08000391   Thumb Code   322  dadd.o(.text)
    __aeabi_dsub                             0x080004d3   Thumb Code     6  dadd.o(.text)
    __aeabi_drsub                            0x080004d9   Thumb Code     6  dadd.o(.text)
    __aeabi_dmul                             0x080004df   Thumb Code   228  dmul.o(.text)
    __aeabi_i2f                              0x080005c3   Thumb Code    18  fflti.o(.text)
    __aeabi_i2d                              0x080005d5   Thumb Code    34  dflti.o(.text)
    __aeabi_d2iz                             0x080005f7   Thumb Code    62  dfixi.o(.text)
    __aeabi_f2d                              0x08000635   Thumb Code    38  f2d.o(.text)
    __aeabi_cdcmpeq                          0x0800065d   Thumb Code     0  cdcmple.o(.text)
    __aeabi_cdcmple                          0x0800065d   Thumb Code    48  cdcmple.o(.text)
    __aeabi_d2f                              0x0800068d   Thumb Code    56  d2f.o(.text)
    __aeabi_cfrcmple                         0x080006c5   Thumb Code    20  cfrcmple.o(.text)
    __aeabi_uidiv                            0x080006d9   Thumb Code     0  uidiv.o(.text)
    __aeabi_uidivmod                         0x080006d9   Thumb Code    44  uidiv.o(.text)
    __aeabi_uldivmod                         0x08000705   Thumb Code    98  uldiv.o(.text)
    __aeabi_llsl                             0x08000767   Thumb Code    30  llshl.o(.text)
    _ll_shift_l                              0x08000767   Thumb Code     0  llshl.o(.text)
    __aeabi_lasr                             0x08000785   Thumb Code    36  llsshr.o(.text)
    _ll_sshift_r                             0x08000785   Thumb Code     0  llsshr.o(.text)
    __I$use$fp                               0x080007a9   Thumb Code     0  iusefp.o(.text)
    _float_round                             0x080007a9   Thumb Code    18  fepilogue.o(.text)
    _float_epilogue                          0x080007bb   Thumb Code    92  fepilogue.o(.text)
    _double_round                            0x08000817   Thumb Code    30  depilogue.o(.text)
    _double_epilogue                         0x08000835   Thumb Code   156  depilogue.o(.text)
    __aeabi_ddiv                             0x080008d1   Thumb Code   222  ddiv.o(.text)
    __ARM_scalbn                             0x080009af   Thumb Code    46  dscalb.o(.text)
    scalbn                                   0x080009af   Thumb Code     0  dscalb.o(.text)
    __aeabi_d2ulz                            0x080009dd   Thumb Code    48  dfixul.o(.text)
    __aeabi_cdrcmple                         0x08000a0d   Thumb Code    48  cdrcmple.o(.text)
    __scatterload                            0x08000a3d   Thumb Code    28  init.o(.text)
    __scatterload_rt2                        0x08000a3d   Thumb Code     0  init.o(.text)
    __ARM_scalbnf                            0x08000a61   Thumb Code    24  fscalb.o(.text)
    scalbnf                                  0x08000a61   Thumb Code     0  fscalb.o(.text)
    _dsqrt                                   0x08000a79   Thumb Code   162  dsqrt.o(.text)
    __decompress                             0x08000b1b   Thumb Code     0  __dczerorl2.o(.text)
    __decompress1                            0x08000b1b   Thumb Code    86  __dczerorl2.o(.text)
    App_flight_get_euler_angle               0x08000b71   Thumb Code   250  app_flight.o(i.App_flight_get_euler_angle)
    App_freeRTOS_Start                       0x08000cb1   Thumb Code    88  app_freertos_task.o(i.App_freeRTOS_Start)
    App_process_flight_state                 0x08000d65   Thumb Code   130  app_receive_data.o(i.App_process_flight_state)
    App_receive_data                         0x08000eb5   Thumb Code   270  app_receive_data.o(i.App_receive_data)
    BusFault_Handler                         0x0800100d   Thumb Code     4  stm32f1xx_it.o(i.BusFault_Handler)
    Com_Task                                 0x08001011   Thumb Code    58  app_freertos_task.o(i.Com_Task)
    Common_Filter_KalmanFilter               0x08001055   Thumb Code   174  com_filter.o(i.Common_Filter_KalmanFilter)
    Common_Filter_LowPass                    0x08001105   Thumb Code    72  com_filter.o(i.Common_Filter_LowPass)
    Common_IMU_GetEulerAngle                 0x08001155   Thumb Code  1892  com_imu.o(i.Common_IMU_GetEulerAngle)
    DebugMon_Handler                         0x080018cd   Thumb Code     2  stm32f1xx_it.o(i.DebugMon_Handler)
    Error_Handler                            0x080018cf   Thumb Code     6  main.o(i.Error_Handler)
    Flight_Motor_Task                        0x080018d5   Thumb Code    32  app_freertos_task.o(i.Flight_Motor_Task)
    HAL_Delay                                0x080018f5   Thumb Code    36  stm32f1xx_hal.o(i.HAL_Delay)
    HAL_GPIO_Init                            0x0800191d   Thumb Code   766  stm32f1xx_hal_gpio.o(i.HAL_GPIO_Init)
    HAL_GPIO_TogglePin                       0x08001c3d   Thumb Code    20  stm32f1xx_hal_gpio.o(i.HAL_GPIO_TogglePin)
    HAL_GPIO_WritePin                        0x08001c51   Thumb Code    12  stm32f1xx_hal_gpio.o(i.HAL_GPIO_WritePin)
    HAL_GetTick                              0x08001c5d   Thumb Code     6  stm32f1xx_hal.o(i.HAL_GetTick)
    HAL_I2C_Init                             0x08001c69   Thumb Code   446  stm32f1xx_hal_i2c.o(i.HAL_I2C_Init)
    HAL_I2C_Mem_Read                         0x08001e39   Thumb Code   868  stm32f1xx_hal_i2c.o(i.HAL_I2C_Mem_Read)
    HAL_I2C_Mem_Write                        0x080021ad   Thumb Code   348  stm32f1xx_hal_i2c.o(i.HAL_I2C_Mem_Write)
    HAL_I2C_MspInit                          0x08002311   Thumb Code   104  i2c.o(i.HAL_I2C_MspInit)
    HAL_IncTick                              0x08002385   Thumb Code    16  stm32f1xx_hal.o(i.HAL_IncTick)
    HAL_Init                                 0x0800239d   Thumb Code    34  stm32f1xx_hal.o(i.HAL_Init)
    HAL_InitTick                             0x080023c5   Thumb Code    64  stm32f1xx_hal.o(i.HAL_InitTick)
    HAL_MspInit                              0x08002411   Thumb Code    76  stm32f1xx_hal_msp.o(i.HAL_MspInit)
    HAL_NVIC_SetPriority                     0x08002465   Thumb Code   124  stm32f1xx_hal_cortex.o(i.HAL_NVIC_SetPriority)
    HAL_NVIC_SetPriorityGrouping             0x080024e1   Thumb Code    32  stm32f1xx_hal_cortex.o(i.HAL_NVIC_SetPriorityGrouping)
    HAL_RCC_ClockConfig                      0x08002509   Thumb Code   376  stm32f1xx_hal_rcc.o(i.HAL_RCC_ClockConfig)
    HAL_RCC_GetHCLKFreq                      0x08002695   Thumb Code     6  stm32f1xx_hal_rcc.o(i.HAL_RCC_GetHCLKFreq)
    HAL_RCC_GetPCLK1Freq                     0x080026a1   Thumb Code    22  stm32f1xx_hal_rcc.o(i.HAL_RCC_GetPCLK1Freq)
    HAL_RCC_GetPCLK2Freq                     0x080026c1   Thumb Code    22  stm32f1xx_hal_rcc.o(i.HAL_RCC_GetPCLK2Freq)
    HAL_RCC_GetSysClockFreq                  0x080026e1   Thumb Code    92  stm32f1xx_hal_rcc.o(i.HAL_RCC_GetSysClockFreq)
    HAL_RCC_OscConfig                        0x08002751   Thumb Code  1114  stm32f1xx_hal_rcc.o(i.HAL_RCC_OscConfig)
    HAL_SPI_Init                             0x08002bb5   Thumb Code   190  stm32f1xx_hal_spi.o(i.HAL_SPI_Init)
    HAL_SPI_MspInit                          0x08002c75   Thumb Code   120  spi.o(i.HAL_SPI_MspInit)
    HAL_SPI_TransmitReceive                  0x08002cf9   Thumb Code   584  stm32f1xx_hal_spi.o(i.HAL_SPI_TransmitReceive)
    HAL_SYSTICK_Config                       0x08002f41   Thumb Code    52  stm32f1xx_hal_cortex.o(i.HAL_SYSTICK_Config)
    HAL_TIMEx_ConfigBreakDeadTime            0x08002f75   Thumb Code   116  stm32f1xx_hal_tim_ex.o(i.HAL_TIMEx_ConfigBreakDeadTime)
    HAL_TIMEx_MasterConfigSynchronization    0x08002fe9   Thumb Code   118  stm32f1xx_hal_tim_ex.o(i.HAL_TIMEx_MasterConfigSynchronization)
    HAL_TIM_MspPostInit                      0x0800306d   Thumb Code   260  tim.o(i.HAL_TIM_MspPostInit)
    HAL_TIM_PWM_ConfigChannel                0x0800318d   Thumb Code   260  stm32f1xx_hal_tim.o(i.HAL_TIM_PWM_ConfigChannel)
    HAL_TIM_PWM_Init                         0x08003291   Thumb Code   102  stm32f1xx_hal_tim.o(i.HAL_TIM_PWM_Init)
    HAL_TIM_PWM_MspInit                      0x080032f9   Thumb Code   148  tim.o(i.HAL_TIM_PWM_MspInit)
    HAL_UART_Init                            0x0800339d   Thumb Code   118  stm32f1xx_hal_uart.o(i.HAL_UART_Init)
    HAL_UART_MspInit                         0x08003415   Thumb Code   120  usart.o(i.HAL_UART_MspInit)
    HAL_UART_Transmit                        0x08003499   Thumb Code   190  stm32f1xx_hal_uart.o(i.HAL_UART_Transmit)
    HardFault_Handler                        0x08003557   Thumb Code     4  stm32f1xx_it.o(i.HardFault_Handler)
    Int_IP5305T_Shutdown                     0x08003ae9   Thumb Code    62  int_ip5305t.o(i.Int_IP5305T_Shutdown)
    Int_IP5305T_Start                        0x08003b2d   Thumb Code    30  int_ip5305t.o(i.Int_IP5305T_Start)
    Int_LED_Off                              0x08003b51   Thumb Code    16  int_led.o(i.Int_LED_Off)
    Int_LED_On                               0x08003b61   Thumb Code    16  int_led.o(i.Int_LED_On)
    Int_LED_Toggle                           0x08003b71   Thumb Code    14  int_led.o(i.Int_LED_Toggle)
    Int_SI24R1_Check                         0x08003b81   Thumb Code    64  int_si24r1.o(i.Int_SI24R1_Check)
    Int_SI24R1_Init                          0x08003bc9   Thumb Code    38  int_si24r1.o(i.Int_SI24R1_Init)
    Int_SI24R1_RX_Mode                       0x08003c25   Thumb Code    92  int_si24r1.o(i.Int_SI24R1_RX_Mode)
    Int_SI24R1_Read_Buf                      0x08003c89   Thumb Code    64  int_si24r1.o(i.Int_SI24R1_Read_Buf)
    Int_SI24R1_Read_Reg                      0x08003ccd   Thumb Code    42  int_si24r1.o(i.Int_SI24R1_Read_Reg)
    Int_SI24R1_RxPacket                      0x08003cfd   Thumb Code    52  int_si24r1.o(i.Int_SI24R1_RxPacket)
    Int_SI24R1_Write_Buf                     0x08003d31   Thumb Code    64  int_si24r1.o(i.Int_SI24R1_Write_Buf)
    Int_SI24R1_Write_Reg                     0x08003d75   Thumb Code    44  int_si24r1.o(i.Int_SI24R1_Write_Reg)
    Int_mpu6050_GetAllData                   0x08003da5   Thumb Code    18  int_mpu6050.o(i.Int_mpu6050_GetAllData)
    Int_mpu6050_calibrate                    0x08003db9   Thumb Code   306  int_mpu6050.o(i.Int_mpu6050_calibrate)
    Int_mpu6050_get_Accel                    0x08003f05   Thumb Code   126  int_mpu6050.o(i.Int_mpu6050_get_Accel)
    Int_mpu6050_get_Gyro                     0x08003f91   Thumb Code   126  int_mpu6050.o(i.Int_mpu6050_get_Gyro)
    Int_mpu6050_init                         0x0800401d   Thumb Code   110  int_mpu6050.o(i.Int_mpu6050_init)
    Int_mpu6050_read_reg                     0x0800408d   Thumb Code    32  int_mpu6050.o(i.Int_mpu6050_read_reg)
    Int_mpu6050_write_reg                    0x080040b1   Thumb Code    36  int_mpu6050.o(i.Int_mpu6050_write_reg)
    LED_Status_Task                          0x080040d9   Thumb Code   180  app_freertos_task.o(i.LED_Status_Task)
    MX_GPIO_Init                             0x080041a5   Thumb Code   212  gpio.o(i.MX_GPIO_Init)
    MX_I2C1_Init                             0x08004285   Thumb Code    48  i2c.o(i.MX_I2C1_Init)
    MX_SPI1_Init                             0x080042c1   Thumb Code    60  spi.o(i.MX_SPI1_Init)
    MX_TIM1_Init                             0x08004305   Thumb Code   168  tim.o(i.MX_TIM1_Init)
    MX_TIM2_Init                             0x080043b5   Thumb Code   118  tim.o(i.MX_TIM2_Init)
    MX_TIM3_Init                             0x08004431   Thumb Code   116  tim.o(i.MX_TIM3_Init)
    MX_TIM4_Init                             0x080044ad   Thumb Code   116  tim.o(i.MX_TIM4_Init)
    MX_USART2_UART_Init                      0x08004529   Thumb Code    46  usart.o(i.MX_USART2_UART_Init)
    MemManage_Handler                        0x08004561   Thumb Code     4  stm32f1xx_it.o(i.MemManage_Handler)
    NMI_Handler                              0x08004565   Thumb Code     4  stm32f1xx_it.o(i.NMI_Handler)
    Power_Task                               0x08004569   Thumb Code    36  app_freertos_task.o(i.Power_Task)
    SysTick_Handler                          0x08004745   Thumb Code    20  stm32f1xx_it.o(i.SysTick_Handler)
    SystemClock_Config                       0x08004759   Thumb Code   102  main.o(i.SystemClock_Config)
    SystemInit                               0x080047bf   Thumb Code     2  system_stm32f1xx.o(i.SystemInit)
    TIM_Base_SetConfig                       0x080047c1   Thumb Code   120  stm32f1xx_hal_tim.o(i.TIM_Base_SetConfig)
    TIM_OC2_SetConfig                        0x080048a5   Thumb Code   100  stm32f1xx_hal_tim.o(i.TIM_OC2_SetConfig)
    UsageFault_Handler                       0x08004bb1   Thumb Code     4  stm32f1xx_it.o(i.UsageFault_Handler)
    __0printf                                0x08004bb5   Thumb Code    22  printfa.o(i.__0printf)
    __1printf                                0x08004bb5   Thumb Code     0  printfa.o(i.__0printf)
    __2printf                                0x08004bb5   Thumb Code     0  printfa.o(i.__0printf)
    __c89printf                              0x08004bb5   Thumb Code     0  printfa.o(i.__0printf)
    printf                                   0x08004bb5   Thumb Code     0  printfa.o(i.__0printf)
    __ARM_fpclassify                         0x08004bd5   Thumb Code    40  fpclassify.o(i.__ARM_fpclassify)
    __ARM_fpclassifyf                        0x08004bfd   Thumb Code    38  fpclassifyf.o(i.__ARM_fpclassifyf)
    __kernel_poly                            0x08004c5d   Thumb Code   170  poly.o(i.__kernel_poly)
    __mathlib_dbl_infnan                     0x08004d07   Thumb Code     6  dunder.o(i.__mathlib_dbl_infnan)
    __mathlib_dbl_invalid                    0x08004d0d   Thumb Code    12  dunder.o(i.__mathlib_dbl_invalid)
    __mathlib_dbl_underflow                  0x08004d19   Thumb Code    10  dunder.o(i.__mathlib_dbl_underflow)
    __mathlib_flt_infnan2                    0x08004d29   Thumb Code     4  funder.o(i.__mathlib_flt_infnan2)
    __mathlib_flt_underflow                  0x08004d2d   Thumb Code    10  funder.o(i.__mathlib_flt_underflow)
    __scatterload_copy                       0x08004d37   Thumb Code    14  handlers.o(i.__scatterload_copy)
    __scatterload_null                       0x08004d45   Thumb Code     2  handlers.o(i.__scatterload_null)
    __scatterload_zeroinit                   0x08004d47   Thumb Code    14  handlers.o(i.__scatterload_zeroinit)
    __set_errno                              0x08004d55   Thumb Code     6  errno.o(i.__set_errno)
    asin                                     0x08005615   Thumb Code   572  asin.o(i.asin)
    atan2f                                   0x08005885   Thumb Code   528  atan2f.o(i.atan2f)
    fputc                                    0x08005ae1   Thumb Code    22  com_debug.o(i.fputc)
    main                                     0x08005afd   Thumb Code    60  main.o(i.main)
    pvPortMalloc                             0x08005f8d   Thumb Code   208  heap_4.o(i.pvPortMalloc)
    pxPortInitialiseStack                    0x08006071   Thumb Code    30  port.o(i.pxPortInitialiseStack)
    sqrt                                     0x08006095   Thumb Code    76  sqrt.o(i.sqrt)
    ulTaskGenericNotifyTake                  0x080060e1   Thumb Code   128  tasks.o(i.ulTaskGenericNotifyTake)
    uxListRemove                             0x08006169   Thumb Code    40  list.o(i.uxListRemove)
    vListInitialise                          0x08006191   Thumb Code    26  list.o(i.vListInitialise)
    vListInitialiseItem                      0x080061ab   Thumb Code     6  list.o(i.vListInitialiseItem)
    vListInsert                              0x080061b1   Thumb Code    52  list.o(i.vListInsert)
    vPortEnterCritical                       0x080061e5   Thumb Code    30  port.o(i.vPortEnterCritical)
    vPortExitCritical                        0x08006209   Thumb Code    28  port.o(i.vPortExitCritical)
    vPortFree                                0x08006229   Thumb Code    68  heap_4.o(i.vPortFree)
    vPortSetupTimerInterrupt                 0x08006275   Thumb Code    20  port.o(i.vPortSetupTimerInterrupt)
    vTaskDelay                               0x0800628d   Thumb Code    46  tasks.o(i.vTaskDelay)
    vTaskStartScheduler                      0x080062c1   Thumb Code    76  tasks.o(i.vTaskStartScheduler)
    vTaskSuspendAll                          0x0800632d   Thumb Code    12  tasks.o(i.vTaskSuspendAll)
    vTaskSwitchContext                       0x0800633d   Thumb Code    76  tasks.o(i.vTaskSwitchContext)
    xPortStartScheduler                      0x0800639d   Thumb Code    42  port.o(i.xPortStartScheduler)
    xPortSysTickHandler                      0x080063d1   Thumb Code    46  port.o(i.xPortSysTickHandler)
    xTaskCreate                              0x08006405   Thumb Code   104  tasks.o(i.xTaskCreate)
    xTaskDelayUntil                          0x0800646d   Thumb Code   108  tasks.o(i.xTaskDelayUntil)
    xTaskGenericNotify                       0x080064e1   Thumb Code   314  tasks.o(i.xTaskGenericNotify)
    xTaskGetSchedulerState                   0x0800662d   Thumb Code    24  tasks.o(i.xTaskGetSchedulerState)
    xTaskGetTickCount                        0x0800664d   Thumb Code     6  tasks.o(i.xTaskGetTickCount)
    xTaskIncrementTick                       0x08006659   Thumb Code   356  tasks.o(i.xTaskIncrementTick)
    xTaskResumeAll                           0x080067e9   Thumb Code   310  tasks.o(i.xTaskResumeAll)
    AHBPrescTable                            0x08006956   Data          16  system_stm32f1xx.o(.constdata)
    APBPrescTable                            0x08006966   Data           8  system_stm32f1xx.o(.constdata)
    Region$$Table$$Base                      0x080069c0   Number         0  anon$$obj.o(Region$$Table)
    Region$$Table$$Limit                     0x080069e0   Number         0  anon$$obj.o(Region$$Table)
    uwTick                                   0x20000000   Data           4  stm32f1xx_hal.o(.data)
    uwTickPrio                               0x20000004   Data           4  stm32f1xx_hal.o(.data)
    uwTickFreq                               0x20000008   Data           1  stm32f1xx_hal.o(.data)
    SystemCoreClock                          0x2000000c   Data           4  system_stm32f1xx.o(.data)
    kfs                                      0x20000010   Data          72  com_filter.o(.data)
    RtA                                      0x20000058   Data           4  com_imu.o(.data)
    Gyro_G                                   0x2000005c   Data           4  com_imu.o(.data)
    Gyro_Gr                                  0x20000060   Data           4  com_imu.o(.data)
    pxCurrentTCB                             0x20000088   Data           4  tasks.o(.data)
    uxTopUsedPriority                        0x200000c0   Data           4  tasks.o(.data)
    left_top_motor                           0x200000e8   Data           8  app_freertos_task.o(.data)
    left_bottom_motor                        0x200000f0   Data           8  app_freertos_task.o(.data)
    right_top_motor                          0x200000f8   Data           8  app_freertos_task.o(.data)
    right_bottom_motor                       0x20000100   Data           8  app_freertos_task.o(.data)
    left_top_led                             0x20000108   Data           8  app_freertos_task.o(.data)
    right_top_led                            0x20000110   Data           8  app_freertos_task.o(.data)
    right_bottom_led                         0x20000118   Data           8  app_freertos_task.o(.data)
    left_bottom_led                          0x20000120   Data           8  app_freertos_task.o(.data)
    remote_state                             0x20000128   Data           1  app_freertos_task.o(.data)
    flight_state                             0x20000129   Data           1  app_freertos_task.o(.data)
    powerTaskHandle                          0x2000012c   Data           4  app_freertos_task.o(.data)
    flightMotorTaskHandle                    0x20000130   Data           4  app_freertos_task.o(.data)
    ledStatusTaskHandle                      0x20000134   Data           4  app_freertos_task.o(.data)
    comTaskHandle                            0x20000138   Data           4  app_freertos_task.o(.data)
    thr_state                                0x2000013c   Data           1  app_receive_data.o(.data)
    enter_max_time                           0x20000140   Data           4  app_receive_data.o(.data)
    enter_min_time                           0x20000144   Data           4  app_receive_data.o(.data)
    retry_count                              0x20000148   Data           1  app_receive_data.o(.data)
    last_data                                0x2000014c   Data           6  app_flight.o(.data)
    gyro_z_sum                               0x20000154   Data           4  app_flight.o(.data)
    TX_ADDRESS                               0x20000158   Data           5  int_si24r1.o(.data)
    read_buf                                 0x2000015d   Data           5  int_si24r1.o(.data)
    gyro_x_offset                            0x20000164   Data           4  int_mpu6050.o(.data)
    gyro_y_offset                            0x20000168   Data           4  int_mpu6050.o(.data)
    gyro_z_offset                            0x2000016c   Data           4  int_mpu6050.o(.data)
    acc_x_offset                             0x20000170   Data           4  int_mpu6050.o(.data)
    acc_y_offset                             0x20000174   Data           4  int_mpu6050.o(.data)
    acc_z_offset                             0x20000178   Data           4  int_mpu6050.o(.data)
    __stdout                                 0x2000017c   Data           4  stdout.o(.data)
    hi2c1                                    0x20000184   Data          84  i2c.o(.bss)
    hspi1                                    0x200001d8   Data          88  spi.o(.bss)
    htim1                                    0x20000230   Data          72  tim.o(.bss)
    htim2                                    0x20000278   Data          72  tim.o(.bss)
    htim3                                    0x200002c0   Data          72  tim.o(.bss)
    htim4                                    0x20000308   Data          72  tim.o(.bss)
    huart2                                   0x20000350   Data          72  usart.o(.bss)
    remote_data                              0x2000486c   Data          10  app_receive_data.o(.bss)
    rx_buff                                  0x20004876   Data          17  app_receive_data.o(.bss)
    all_data                                 0x20004888   Data          12  app_flight.o(.bss)
    euler_angle                              0x20004894   Data          12  app_flight.o(.bss)
    __initial_sp                             0x20004ca0   Data           0  startup_stm32f103xb.o(STACK)



==============================================================================

Memory Map of the image

  Image Entry point : 0x080000ed

  Load Region LR_IROM1 (Base: 0x08000000, Size: 0x00006b64, Max: 0x00010000, ABSOLUTE, COMPRESSED[0x00006a50])

    Execution Region ER_IROM1 (Exec base: 0x08000000, Load base: 0x08000000, Size: 0x000069e0, Max: 0x00010000, ABSOLUTE)

    Exec Addr    Load Addr    Size         Type   Attr      Idx    E Section Name        Object

    0x08000000   0x08000000   0x000000ec   Data   RO            3    RESET               startup_stm32f103xb.o
    0x080000ec   0x080000ec   0x00000000   Code   RO         5161  * .ARM.Collect$$$$00000000  mc_w.l(entry.o)
    0x080000ec   0x080000ec   0x00000004   Code   RO         5499    .ARM.Collect$$$$00000001  mc_w.l(entry2.o)
    0x080000f0   0x080000f0   0x00000004   Code   RO         5502    .ARM.Collect$$$$00000004  mc_w.l(entry5.o)
    0x080000f4   0x080000f4   0x00000000   Code   RO         5504    .ARM.Collect$$$$00000008  mc_w.l(entry7b.o)
    0x080000f4   0x080000f4   0x00000000   Code   RO         5506    .ARM.Collect$$$$0000000A  mc_w.l(entry8b.o)
    0x080000f4   0x080000f4   0x00000008   Code   RO         5507    .ARM.Collect$$$$0000000B  mc_w.l(entry9a.o)
    0x080000fc   0x080000fc   0x00000000   Code   RO         5509    .ARM.Collect$$$$0000000D  mc_w.l(entry10a.o)
    0x080000fc   0x080000fc   0x00000000   Code   RO         5511    .ARM.Collect$$$$0000000F  mc_w.l(entry11a.o)
    0x080000fc   0x080000fc   0x00000004   Code   RO         5500    .ARM.Collect$$$$00002712  mc_w.l(entry2.o)
    0x08000100   0x08000100   0x00000096   Code   RO         4682    .emb_text           port.o
    0x08000196   0x08000196   0x00000002   PAD
    0x08000198   0x08000198   0x00000024   Code   RO            4    .text               startup_stm32f103xb.o
    0x080001bc   0x080001bc   0x00000020   Code   RO         5164    .text               mc_w.l(llushr.o)
    0x080001dc   0x080001dc   0x00000024   Code   RO         5168    .text               mc_w.l(memseta.o)
    0x08000200   0x08000200   0x000000b0   Code   RO         5433    .text               mf_w.l(fadd.o)
    0x080002b0   0x080002b0   0x00000064   Code   RO         5435    .text               mf_w.l(fmul.o)
    0x08000314   0x08000314   0x0000007c   Code   RO         5437    .text               mf_w.l(fdiv.o)
    0x08000390   0x08000390   0x0000014e   Code   RO         5439    .text               mf_w.l(dadd.o)
    0x080004de   0x080004de   0x000000e4   Code   RO         5441    .text               mf_w.l(dmul.o)
    0x080005c2   0x080005c2   0x00000012   Code   RO         5443    .text               mf_w.l(fflti.o)
    0x080005d4   0x080005d4   0x00000022   Code   RO         5445    .text               mf_w.l(dflti.o)
    0x080005f6   0x080005f6   0x0000003e   Code   RO         5447    .text               mf_w.l(dfixi.o)
    0x08000634   0x08000634   0x00000026   Code   RO         5449    .text               mf_w.l(f2d.o)
    0x0800065a   0x0800065a   0x00000002   PAD
    0x0800065c   0x0800065c   0x00000030   Code   RO         5451    .text               mf_w.l(cdcmple.o)
    0x0800068c   0x0800068c   0x00000038   Code   RO         5453    .text               mf_w.l(d2f.o)
    0x080006c4   0x080006c4   0x00000014   Code   RO         5455    .text               mf_w.l(cfrcmple.o)
    0x080006d8   0x080006d8   0x0000002c   Code   RO         5514    .text               mc_w.l(uidiv.o)
    0x08000704   0x08000704   0x00000062   Code   RO         5516    .text               mc_w.l(uldiv.o)
    0x08000766   0x08000766   0x0000001e   Code   RO         5518    .text               mc_w.l(llshl.o)
    0x08000784   0x08000784   0x00000024   Code   RO         5520    .text               mc_w.l(llsshr.o)
    0x080007a8   0x080007a8   0x00000000   Code   RO         5529    .text               mc_w.l(iusefp.o)
    0x080007a8   0x080007a8   0x0000006e   Code   RO         5530    .text               mf_w.l(fepilogue.o)
    0x08000816   0x08000816   0x000000ba   Code   RO         5532    .text               mf_w.l(depilogue.o)
    0x080008d0   0x080008d0   0x000000de   Code   RO         5534    .text               mf_w.l(ddiv.o)
    0x080009ae   0x080009ae   0x0000002e   Code   RO         5536    .text               mf_w.l(dscalb.o)
    0x080009dc   0x080009dc   0x00000030   Code   RO         5538    .text               mf_w.l(dfixul.o)
    0x08000a0c   0x08000a0c   0x00000030   Code   RO         5540    .text               mf_w.l(cdrcmple.o)
    0x08000a3c   0x08000a3c   0x00000024   Code   RO         5542    .text               mc_w.l(init.o)
    0x08000a60   0x08000a60   0x00000018   Code   RO         5544    .text               mf_w.l(fscalb.o)
    0x08000a78   0x08000a78   0x000000a2   Code   RO         5546    .text               mf_w.l(dsqrt.o)
    0x08000b1a   0x08000b1a   0x00000056   Code   RO         5556    .text               mc_w.l(__dczerorl2.o)
    0x08000b70   0x08000b70   0x00000140   Code   RO         4858    i.App_flight_get_euler_angle  app_flight.o
    0x08000cb0   0x08000cb0   0x000000b4   Code   RO         4756    i.App_freeRTOS_Start  app_freertos_task.o
    0x08000d64   0x08000d64   0x00000094   Code   RO         4818    i.App_process_flight_state  app_receive_data.o
    0x08000df8   0x08000df8   0x000000bc   Code   RO         4819    i.App_process_unlock  app_receive_data.o
    0x08000eb4   0x08000eb4   0x00000158   Code   RO         4820    i.App_receive_data  app_receive_data.o
    0x0800100c   0x0800100c   0x00000004   Code   RO          457    i.BusFault_Handler  stm32f1xx_it.o
    0x08001010   0x08001010   0x00000044   Code   RO         4757    i.Com_Task          app_freertos_task.o
    0x08001054   0x08001054   0x000000ae   Code   RO         3811    i.Common_Filter_KalmanFilter  com_filter.o
    0x08001102   0x08001102   0x00000002   PAD
    0x08001104   0x08001104   0x00000050   Code   RO         3812    i.Common_Filter_LowPass  com_filter.o
    0x08001154   0x08001154   0x00000778   Code   RO         3847    i.Common_IMU_GetEulerAngle  com_imu.o
    0x080018cc   0x080018cc   0x00000002   Code   RO          458    i.DebugMon_Handler  stm32f1xx_it.o
    0x080018ce   0x080018ce   0x00000006   Code   RO           13    i.Error_Handler     main.o
    0x080018d4   0x080018d4   0x00000020   Code   RO         4758    i.Flight_Motor_Task  app_freertos_task.o
    0x080018f4   0x080018f4   0x00000028   Code   RO         1067    i.HAL_Delay         stm32f1xx_hal.o
    0x0800191c   0x0800191c   0x00000320   Code   RO         1382    i.HAL_GPIO_Init     stm32f1xx_hal_gpio.o
    0x08001c3c   0x08001c3c   0x00000014   Code   RO         1385    i.HAL_GPIO_TogglePin  stm32f1xx_hal_gpio.o
    0x08001c50   0x08001c50   0x0000000c   Code   RO         1386    i.HAL_GPIO_WritePin  stm32f1xx_hal_gpio.o
    0x08001c5c   0x08001c5c   0x0000000c   Code   RO         1071    i.HAL_GetTick       stm32f1xx_hal.o
    0x08001c68   0x08001c68   0x000001d0   Code   RO          594    i.HAL_I2C_Init      stm32f1xx_hal_i2c.o
    0x08001e38   0x08001e38   0x00000374   Code   RO          612    i.HAL_I2C_Mem_Read  stm32f1xx_hal_i2c.o
    0x080021ac   0x080021ac   0x00000164   Code   RO          615    i.HAL_I2C_Mem_Write  stm32f1xx_hal_i2c.o
    0x08002310   0x08002310   0x00000074   Code   RO          266    i.HAL_I2C_MspInit   i2c.o
    0x08002384   0x08002384   0x00000018   Code   RO         1077    i.HAL_IncTick       stm32f1xx_hal.o
    0x0800239c   0x0800239c   0x00000028   Code   RO         1078    i.HAL_Init          stm32f1xx_hal.o
    0x080023c4   0x080023c4   0x0000004c   Code   RO         1079    i.HAL_InitTick      stm32f1xx_hal.o
    0x08002410   0x08002410   0x00000054   Code   RO          523    i.HAL_MspInit       stm32f1xx_hal_msp.o
    0x08002464   0x08002464   0x0000007c   Code   RO         1548    i.HAL_NVIC_SetPriority  stm32f1xx_hal_cortex.o
    0x080024e0   0x080024e0   0x00000028   Code   RO         1549    i.HAL_NVIC_SetPriorityGrouping  stm32f1xx_hal_cortex.o
    0x08002508   0x08002508   0x0000018c   Code   RO         1235    i.HAL_RCC_ClockConfig  stm32f1xx_hal_rcc.o
    0x08002694   0x08002694   0x0000000c   Code   RO         1240    i.HAL_RCC_GetHCLKFreq  stm32f1xx_hal_rcc.o
    0x080026a0   0x080026a0   0x00000020   Code   RO         1242    i.HAL_RCC_GetPCLK1Freq  stm32f1xx_hal_rcc.o
    0x080026c0   0x080026c0   0x00000020   Code   RO         1243    i.HAL_RCC_GetPCLK2Freq  stm32f1xx_hal_rcc.o
    0x080026e0   0x080026e0   0x00000070   Code   RO         1244    i.HAL_RCC_GetSysClockFreq  stm32f1xx_hal_rcc.o
    0x08002750   0x08002750   0x00000464   Code   RO         1247    i.HAL_RCC_OscConfig  stm32f1xx_hal_rcc.o
    0x08002bb4   0x08002bb4   0x000000be   Code   RO         2079    i.HAL_SPI_Init      stm32f1xx_hal_spi.o
    0x08002c72   0x08002c72   0x00000002   PAD
    0x08002c74   0x08002c74   0x00000084   Code   RO          308    i.HAL_SPI_MspInit   spi.o
    0x08002cf8   0x08002cf8   0x00000248   Code   RO         2088    i.HAL_SPI_TransmitReceive  stm32f1xx_hal_spi.o
    0x08002f40   0x08002f40   0x00000034   Code   RO         1553    i.HAL_SYSTICK_Config  stm32f1xx_hal_cortex.o
    0x08002f74   0x08002f74   0x00000074   Code   RO         3110    i.HAL_TIMEx_ConfigBreakDeadTime  stm32f1xx_hal_tim_ex.o
    0x08002fe8   0x08002fe8   0x00000084   Code   RO         3126    i.HAL_TIMEx_MasterConfigSynchronization  stm32f1xx_hal_tim_ex.o
    0x0800306c   0x0800306c   0x00000120   Code   RO          349    i.HAL_TIM_MspPostInit  tim.o
    0x0800318c   0x0800318c   0x00000104   Code   RO         2464    i.HAL_TIM_PWM_ConfigChannel  stm32f1xx_hal_tim.o
    0x08003290   0x08003290   0x00000066   Code   RO         2467    i.HAL_TIM_PWM_Init  stm32f1xx_hal_tim.o
    0x080032f6   0x080032f6   0x00000002   PAD
    0x080032f8   0x080032f8   0x000000a4   Code   RO          351    i.HAL_TIM_PWM_MspInit  tim.o
    0x0800339c   0x0800339c   0x00000076   Code   RO         3404    i.HAL_UART_Init     stm32f1xx_hal_uart.o
    0x08003412   0x08003412   0x00000002   PAD
    0x08003414   0x08003414   0x00000084   Code   RO          416    i.HAL_UART_MspInit  usart.o
    0x08003498   0x08003498   0x000000be   Code   RO         3412    i.HAL_UART_Transmit  stm32f1xx_hal_uart.o
    0x08003556   0x08003556   0x00000004   Code   RO          459    i.HardFault_Handler  stm32f1xx_it.o
    0x0800355a   0x0800355a   0x0000003e   Code   RO          638    i.I2C_IsAcknowledgeFailed  stm32f1xx_hal_i2c.o
    0x08003598   0x08003598   0x00000160   Code   RO          649    i.I2C_RequestMemoryRead  stm32f1xx_hal_i2c.o
    0x080036f8   0x080036f8   0x000000e0   Code   RO          650    i.I2C_RequestMemoryWrite  stm32f1xx_hal_i2c.o
    0x080037d8   0x080037d8   0x00000066   Code   RO          658    i.I2C_WaitOnBTFFlagUntilTimeout  stm32f1xx_hal_i2c.o
    0x0800383e   0x0800383e   0x000000be   Code   RO          659    i.I2C_WaitOnFlagUntilTimeout  stm32f1xx_hal_i2c.o
    0x080038fc   0x080038fc   0x000000fa   Code   RO          660    i.I2C_WaitOnMasterAddressFlagUntilTimeout  stm32f1xx_hal_i2c.o
    0x080039f6   0x080039f6   0x0000008a   Code   RO          661    i.I2C_WaitOnRXNEFlagUntilTimeout  stm32f1xx_hal_i2c.o
    0x08003a80   0x08003a80   0x00000066   Code   RO          664    i.I2C_WaitOnTXEFlagUntilTimeout  stm32f1xx_hal_i2c.o
    0x08003ae6   0x08003ae6   0x00000002   PAD
    0x08003ae8   0x08003ae8   0x00000044   Code   RO         4886    i.Int_IP5305T_Shutdown  int_ip5305t.o
    0x08003b2c   0x08003b2c   0x00000024   Code   RO         4887    i.Int_IP5305T_Start  int_ip5305t.o
    0x08003b50   0x08003b50   0x00000010   Code   RO         4952    i.Int_LED_Off       int_led.o
    0x08003b60   0x08003b60   0x00000010   Code   RO         4953    i.Int_LED_On        int_led.o
    0x08003b70   0x08003b70   0x0000000e   Code   RO         4954    i.Int_LED_Toggle    int_led.o
    0x08003b7e   0x08003b7e   0x00000002   PAD
    0x08003b80   0x08003b80   0x00000048   Code   RO         4991    i.Int_SI24R1_Check  int_si24r1.o
    0x08003bc8   0x08003bc8   0x0000005c   Code   RO         4992    i.Int_SI24R1_Init   int_si24r1.o
    0x08003c24   0x08003c24   0x00000064   Code   RO         4993    i.Int_SI24R1_RX_Mode  int_si24r1.o
    0x08003c88   0x08003c88   0x00000044   Code   RO         4994    i.Int_SI24R1_Read_Buf  int_si24r1.o
    0x08003ccc   0x08003ccc   0x00000030   Code   RO         4995    i.Int_SI24R1_Read_Reg  int_si24r1.o
    0x08003cfc   0x08003cfc   0x00000034   Code   RO         4996    i.Int_SI24R1_RxPacket  int_si24r1.o
    0x08003d30   0x08003d30   0x00000044   Code   RO         4999    i.Int_SI24R1_Write_Buf  int_si24r1.o
    0x08003d74   0x08003d74   0x00000030   Code   RO         5000    i.Int_SI24R1_Write_Reg  int_si24r1.o
    0x08003da4   0x08003da4   0x00000012   Code   RO         5080    i.Int_mpu6050_GetAllData  int_mpu6050.o
    0x08003db6   0x08003db6   0x00000002   PAD
    0x08003db8   0x08003db8   0x0000014c   Code   RO         5081    i.Int_mpu6050_calibrate  int_mpu6050.o
    0x08003f04   0x08003f04   0x0000008c   Code   RO         5082    i.Int_mpu6050_get_Accel  int_mpu6050.o
    0x08003f90   0x08003f90   0x0000008c   Code   RO         5083    i.Int_mpu6050_get_Gyro  int_mpu6050.o
    0x0800401c   0x0800401c   0x0000006e   Code   RO         5084    i.Int_mpu6050_init  int_mpu6050.o
    0x0800408a   0x0800408a   0x00000002   PAD
    0x0800408c   0x0800408c   0x00000024   Code   RO         5085    i.Int_mpu6050_read_reg  int_mpu6050.o
    0x080040b0   0x080040b0   0x00000028   Code   RO         5086    i.Int_mpu6050_write_reg  int_mpu6050.o
    0x080040d8   0x080040d8   0x000000cc   Code   RO         4759    i.LED_Status_Task   app_freertos_task.o
    0x080041a4   0x080041a4   0x000000e0   Code   RO          241    i.MX_GPIO_Init      gpio.o
    0x08004284   0x08004284   0x0000003c   Code   RO          267    i.MX_I2C1_Init      i2c.o
    0x080042c0   0x080042c0   0x00000044   Code   RO          309    i.MX_SPI1_Init      spi.o
    0x08004304   0x08004304   0x000000b0   Code   RO          352    i.MX_TIM1_Init      tim.o
    0x080043b4   0x080043b4   0x0000007c   Code   RO          353    i.MX_TIM2_Init      tim.o
    0x08004430   0x08004430   0x0000007c   Code   RO          354    i.MX_TIM3_Init      tim.o
    0x080044ac   0x080044ac   0x0000007c   Code   RO          355    i.MX_TIM4_Init      tim.o
    0x08004528   0x08004528   0x00000038   Code   RO          417    i.MX_USART2_UART_Init  usart.o
    0x08004560   0x08004560   0x00000004   Code   RO          460    i.MemManage_Handler  stm32f1xx_it.o
    0x08004564   0x08004564   0x00000004   Code   RO          461    i.NMI_Handler       stm32f1xx_it.o
    0x08004568   0x08004568   0x00000024   Code   RO         4760    i.Power_Task        app_freertos_task.o
    0x0800458c   0x0800458c   0x00000050   Code   RO         3849    i.Q_rsqrt           com_imu.o
    0x080045dc   0x080045dc   0x00000028   Code   RO         1248    i.RCC_Delay         stm32f1xx_hal_rcc.o
    0x08004604   0x08004604   0x00000044   Code   RO         2117    i.SPI_EndRxTxTransaction  stm32f1xx_hal_spi.o
    0x08004648   0x08004648   0x00000024   Code   RO         5001    i.SPI_RW            int_si24r1.o
    0x0800466c   0x0800466c   0x000000d8   Code   RO         2122    i.SPI_WaitFlagStateUntilTimeout  stm32f1xx_hal_spi.o
    0x08004744   0x08004744   0x00000014   Code   RO          462    i.SysTick_Handler   stm32f1xx_it.o
    0x08004758   0x08004758   0x00000066   Code   RO           14    i.SystemClock_Config  main.o
    0x080047be   0x080047be   0x00000002   Code   RO         3748    i.SystemInit        system_stm32f1xx.o
    0x080047c0   0x080047c0   0x00000084   Code   RO         2485    i.TIM_Base_SetConfig  stm32f1xx_hal_tim.o
    0x08004844   0x08004844   0x00000060   Code   RO         2498    i.TIM_OC1_SetConfig  stm32f1xx_hal_tim.o
    0x080048a4   0x080048a4   0x00000068   Code   RO         2499    i.TIM_OC2_SetConfig  stm32f1xx_hal_tim.o
    0x0800490c   0x0800490c   0x00000068   Code   RO         2500    i.TIM_OC3_SetConfig  stm32f1xx_hal_tim.o
    0x08004974   0x08004974   0x00000048   Code   RO         2501    i.TIM_OC4_SetConfig  stm32f1xx_hal_tim.o
    0x080049bc   0x080049bc   0x0000006c   Code   RO         3427    i.UART_EndRxTransfer  stm32f1xx_hal_uart.o
    0x08004a28   0x08004a28   0x000000fc   Code   RO         3431    i.UART_SetConfig    stm32f1xx_hal_uart.o
    0x08004b24   0x08004b24   0x0000008c   Code   RO         3435    i.UART_WaitOnFlagUntilTimeout  stm32f1xx_hal_uart.o
    0x08004bb0   0x08004bb0   0x00000004   Code   RO          463    i.UsageFault_Handler  stm32f1xx_it.o
    0x08004bb4   0x08004bb4   0x00000020   Code   RO         5405    i.__0printf         mc_w.l(printfa.o)
    0x08004bd4   0x08004bd4   0x00000028   Code   RO         5471    i.__ARM_fpclassify  m_ws.l(fpclassify.o)
    0x08004bfc   0x08004bfc   0x00000026   Code   RO         5473    i.__ARM_fpclassifyf  m_ws.l(fpclassifyf.o)
    0x08004c22   0x08004c22   0x00000002   PAD
    0x08004c24   0x08004c24   0x00000010   Code   RO         1555    i.__NVIC_GetPriorityGrouping  stm32f1xx_hal_cortex.o
    0x08004c34   0x08004c34   0x00000028   Code   RO         1556    i.__NVIC_SetPriority  stm32f1xx_hal_cortex.o
    0x08004c5c   0x08004c5c   0x000000aa   Code   RO         5489    i.__kernel_poly     m_ws.l(poly.o)
    0x08004d06   0x08004d06   0x00000006   Code   RO         5458    i.__mathlib_dbl_infnan  m_ws.l(dunder.o)
    0x08004d0c   0x08004d0c   0x0000000c   Code   RO         5460    i.__mathlib_dbl_invalid  m_ws.l(dunder.o)
    0x08004d18   0x08004d18   0x00000010   Code   RO         5463    i.__mathlib_dbl_underflow  m_ws.l(dunder.o)
    0x08004d28   0x08004d28   0x00000004   Code   RO         5477    i.__mathlib_flt_infnan2  m_ws.l(funder.o)
    0x08004d2c   0x08004d2c   0x0000000a   Code   RO         5481    i.__mathlib_flt_underflow  m_ws.l(funder.o)
    0x08004d36   0x08004d36   0x0000000e   Code   RO         5550    i.__scatterload_copy  mc_w.l(handlers.o)
    0x08004d44   0x08004d44   0x00000002   Code   RO         5551    i.__scatterload_null  mc_w.l(handlers.o)
    0x08004d46   0x08004d46   0x0000000e   Code   RO         5552    i.__scatterload_zeroinit  mc_w.l(handlers.o)
    0x08004d54   0x08004d54   0x0000000c   Code   RO         5524    i.__set_errno       mc_w.l(errno.o)
    0x08004d60   0x08004d60   0x00000184   Code   RO         5412    i._fp_digits        mc_w.l(printfa.o)
    0x08004ee4   0x08004ee4   0x000006dc   Code   RO         5413    i._printf_core      mc_w.l(printfa.o)
    0x080055c0   0x080055c0   0x00000024   Code   RO         5414    i._printf_post_padding  mc_w.l(printfa.o)
    0x080055e4   0x080055e4   0x0000002e   Code   RO         5415    i._printf_pre_padding  mc_w.l(printfa.o)
    0x08005612   0x08005612   0x00000002   PAD
    0x08005614   0x08005614   0x00000270   Code   RO         5144    i.asin              m_ws.l(asin.o)
    0x08005884   0x08005884   0x0000025c   Code   RO         5154    i.atan2f            m_ws.l(atan2f.o)
    0x08005ae0   0x08005ae0   0x0000001c   Code   RO         3784    i.fputc             com_debug.o
    0x08005afc   0x08005afc   0x00000064   Code   RO           15    i.main              main.o
    0x08005b60   0x08005b60   0x000000c0   Code   RO         4309    i.prvAddCurrentTaskToDelayedList  tasks.o
    0x08005c20   0x08005c20   0x000000e4   Code   RO         4310    i.prvAddNewTaskToReadyList  tasks.o
    0x08005d04   0x08005d04   0x00000048   Code   RO         4311    i.prvCheckTasksWaitingTermination  tasks.o
    0x08005d4c   0x08005d4c   0x00000012   Code   RO         4312    i.prvDeleteTCB      tasks.o
    0x08005d5e   0x08005d5e   0x00000002   PAD
    0x08005d60   0x08005d60   0x00000070   Code   RO         4621    i.prvHeapInit       heap_4.o
    0x08005dd0   0x08005dd0   0x00000028   Code   RO         4313    i.prvIdleTask       tasks.o
    0x08005df8   0x08005df8   0x0000007a   Code   RO         4314    i.prvInitialiseNewTask  tasks.o
    0x08005e72   0x08005e72   0x00000002   PAD
    0x08005e74   0x08005e74   0x00000068   Code   RO         4315    i.prvInitialiseTaskLists  tasks.o
    0x08005edc   0x08005edc   0x00000068   Code   RO         4622    i.prvInsertBlockIntoFreeList  heap_4.o
    0x08005f44   0x08005f44   0x00000030   Code   RO         4316    i.prvResetNextTaskUnblockTime  tasks.o
    0x08005f74   0x08005f74   0x00000016   Code   RO         4683    i.prvTaskExitError  port.o
    0x08005f8a   0x08005f8a   0x00000002   PAD
    0x08005f8c   0x08005f8c   0x000000e4   Code   RO         4624    i.pvPortMalloc      heap_4.o
    0x08006070   0x08006070   0x00000024   Code   RO         4684    i.pxPortInitialiseStack  port.o
    0x08006094   0x08006094   0x0000004c   Code   RO         5492    i.sqrt              m_ws.l(sqrt.o)
    0x080060e0   0x080060e0   0x00000088   Code   RO         4318    i.ulTaskGenericNotifyTake  tasks.o
    0x08006168   0x08006168   0x00000028   Code   RO         3990    i.uxListRemove      list.o
    0x08006190   0x08006190   0x0000001a   Code   RO         3991    i.vListInitialise   list.o
    0x080061aa   0x080061aa   0x00000006   Code   RO         3992    i.vListInitialiseItem  list.o
    0x080061b0   0x080061b0   0x00000034   Code   RO         3993    i.vListInsert       list.o
    0x080061e4   0x080061e4   0x00000024   Code   RO         4686    i.vPortEnterCritical  port.o
    0x08006208   0x08006208   0x00000020   Code   RO         4687    i.vPortExitCritical  port.o
    0x08006228   0x08006228   0x0000004c   Code   RO         4625    i.vPortFree         heap_4.o
    0x08006274   0x08006274   0x00000018   Code   RO         4688    i.vPortSetupTimerInterrupt  port.o
    0x0800628c   0x0800628c   0x00000034   Code   RO         4324    i.vTaskDelay        tasks.o
    0x080062c0   0x080062c0   0x0000006c   Code   RO         4336    i.vTaskStartScheduler  tasks.o
    0x0800632c   0x0800632c   0x00000010   Code   RO         4338    i.vTaskSuspendAll   tasks.o
    0x0800633c   0x0800633c   0x00000060   Code   RO         4339    i.vTaskSwitchContext  tasks.o
    0x0800639c   0x0800639c   0x00000034   Code   RO         4689    i.xPortStartScheduler  port.o
    0x080063d0   0x080063d0   0x00000034   Code   RO         4690    i.xPortSysTickHandler  port.o
    0x08006404   0x08006404   0x00000068   Code   RO         4342    i.xTaskCreate       tasks.o
    0x0800646c   0x0800646c   0x00000074   Code   RO         4343    i.xTaskDelayUntil   tasks.o
    0x080064e0   0x080064e0   0x0000014c   Code   RO         4344    i.xTaskGenericNotify  tasks.o
    0x0800662c   0x0800662c   0x00000020   Code   RO         4349    i.xTaskGetSchedulerState  tasks.o
    0x0800664c   0x0800664c   0x0000000c   Code   RO         4350    i.xTaskGetTickCount  tasks.o
    0x08006658   0x08006658   0x00000190   Code   RO         4352    i.xTaskIncrementTick  tasks.o
    0x080067e8   0x080067e8   0x0000015c   Code   RO         4354    i.xTaskResumeAll    tasks.o
    0x08006944   0x08006944   0x00000012   Data   RO         1249    .constdata          stm32f1xx_hal_rcc.o
    0x08006956   0x08006956   0x00000018   Data   RO         3749    .constdata          system_stm32f1xx.o
    0x0800696e   0x0800696e   0x00000002   PAD
    0x08006970   0x08006970   0x00000050   Data   RO         5145    .constdata          m_ws.l(asin.o)
    0x080069c0   0x080069c0   0x00000020   Data   RO         5548    Region$$Table       anon$$obj.o


    Execution Region RW_IRAM1 (Exec base: 0x20000000, Load base: 0x080069e0, Size: 0x00004ca0, Max: 0x00005000, ABSOLUTE, COMPRESSED[0x00000070])

    Exec Addr    Load Addr    Size         Type   Attr      Idx    E Section Name        Object

    0x20000000   COMPRESSED   0x00000009   Data   RW         1085    .data               stm32f1xx_hal.o
    0x20000009   COMPRESSED   0x00000003   PAD
    0x2000000c   COMPRESSED   0x00000004   Data   RW         3750    .data               system_stm32f1xx.o
    0x20000010   COMPRESSED   0x00000048   Data   RW         3813    .data               com_filter.o
    0x20000058   COMPRESSED   0x00000030   Data   RW         3851    .data               com_imu.o
    0x20000088   COMPRESSED   0x00000040   Data   RW         4357    .data               tasks.o
    0x200000c8   COMPRESSED   0x0000001c   Data   RW         4631    .data               heap_4.o
    0x200000e4   COMPRESSED   0x00000004   Data   RW         4691    .data               port.o
    0x200000e8   COMPRESSED   0x00000054   Data   RW         4762    .data               app_freertos_task.o
    0x2000013c   COMPRESSED   0x0000000d   Data   RW         4822    .data               app_receive_data.o
    0x20000149   COMPRESSED   0x00000003   PAD
    0x2000014c   COMPRESSED   0x0000000c   Data   RW         4860    .data               app_flight.o
    0x20000158   COMPRESSED   0x0000000a   Data   RW         5002    .data               int_si24r1.o
    0x20000162   COMPRESSED   0x00000002   PAD
    0x20000164   COMPRESSED   0x00000018   Data   RW         5087    .data               int_mpu6050.o
    0x2000017c   COMPRESSED   0x00000004   Data   RW         5513    .data               mc_w.l(stdout.o)
    0x20000180   COMPRESSED   0x00000004   Data   RW         5525    .data               mc_w.l(errno.o)
    0x20000184        -       0x00000054   Zero   RW          268    .bss                i2c.o
    0x200001d8        -       0x00000058   Zero   RW          310    .bss                spi.o
    0x20000230        -       0x00000120   Zero   RW          356    .bss                tim.o
    0x20000350        -       0x00000048   Zero   RW          418    .bss                usart.o
    0x20000398        -       0x0000000c   Zero   RW         3850    .bss                com_imu.o
    0x200003a4        -       0x000000c8   Zero   RW         4356    .bss                tasks.o
    0x2000046c        -       0x00004400   Zero   RW         4630    .bss                heap_4.o
    0x2000486c        -       0x0000001b   Zero   RW         4821    .bss                app_receive_data.o
    0x20004887   COMPRESSED   0x00000001   PAD
    0x20004888        -       0x00000018   Zero   RW         4859    .bss                app_flight.o
    0x200048a0        -       0x00000400   Zero   RW            1    STACK               startup_stm32f103xb.o


==============================================================================

Image component sizes


      Code (inc. data)   RO Data    RW Data    ZI Data      Debug   Object Name

       320         70          0         12         24        821   app_flight.o
       520        126          0         84          0       4962   app_freertos_task.o
       680        116          0         13         27       2716   app_receive_data.o
        28          6          0          0          0        476   com_debug.o
       254          8          0         72          0       2007   com_filter.o
      1992         46          0         48         12       3396   com_imu.o
         0          0          0          0          0       2472   event_groups.o
       224         12          0          0          0        907   gpio.o
       520         58          0         28      17408       4295   heap_4.o
       176         24          0          0         84       1489   i2c.o
       104         12          0          0          0        887   int_ip5305t.o
        46          0          0          0          0       1912   int_led.o
       816         62          0         24          0       4753   int_mpu6050.o
       584         94          0         10          0       5472   int_si24r1.o
       124          0          0          0          0       2377   list.o
       208         40          0          0          0     457936   main.o
       404         48          0          4          0       8516   port.o
       200         20          0          0         88       1517   spi.o
        36          8        236          0       1024        772   startup_stm32f103xb.o
       192         36          0          9          0       5649   stm32f1xx_hal.o
       272         22          0          0          0      28570   stm32f1xx_hal_cortex.o
       832         34          0          0          0       3169   stm32f1xx_hal_gpio.o
      3124         50          0          0          0      11238   stm32f1xx_hal_i2c.o
        84          8          0          0          0        834   stm32f1xx_hal_msp.o
      1748         98         18          0          0       5728   stm32f1xx_hal_rcc.o
      1058          6          0          0          0       4289   stm32f1xx_hal_spi.o
       870         32          0          0          0       5348   stm32f1xx_hal_tim.o
       248         14          0          0          0       2036   stm32f1xx_hal_tim_ex.o
       808          4          0          0          0       4200   stm32f1xx_hal_uart.o
        42          0          0          0          0       2879   stm32f1xx_it.o
         2          0         24          4          0       1031   system_stm32f1xx.o
      2576        316          0         64        200      28445   tasks.o
      1000         74          0          0        288       4342   tim.o
       188         22          0          0         72       1542   usart.o

    ----------------------------------------------------------------------
     20304       1466        312        380      19228     616983   Object Totals
         0          0         32          0          0          0   (incl. Generated)
        24          0          2          8          1          0   (incl. Padding)

    ----------------------------------------------------------------------

      Code (inc. data)   RO Data    RW Data    ZI Data      Debug   Library Member Name

       624         52         80          0          0        168   asin.o
       604         76          0          0          0        116   atan2f.o
        34          6          0          0          0        204   dunder.o
        40          0          0          0          0         68   fpclassify.o
        38          0          0          0          0         68   fpclassifyf.o
        14          0          0          0          0        136   funder.o
       170          0          0          0          0         96   poly.o
        76          0          0          0          0         84   sqrt.o
        86          0          0          0          0          0   __dczerorl2.o
         0          0          0          0          0          0   entry.o
         0          0          0          0          0          0   entry10a.o
         0          0          0          0          0          0   entry11a.o
         8          4          0          0          0          0   entry2.o
         4          0          0          0          0          0   entry5.o
         0          0          0          0          0          0   entry7b.o
         0          0          0          0          0          0   entry8b.o
         8          4          0          0          0          0   entry9a.o
        12          6          0          4          0         68   errno.o
        30          0          0          0          0          0   handlers.o
        36          8          0          0          0         68   init.o
         0          0          0          0          0          0   iusefp.o
        30          0          0          0          0         68   llshl.o
        36          0          0          0          0         68   llsshr.o
        32          0          0          0          0         68   llushr.o
        36          0          0          0          0        108   memseta.o
      2258         90          0          0          0        452   printfa.o
         0          0          0          4          0          0   stdout.o
        44          0          0          0          0         80   uidiv.o
        98          0          0          0          0         92   uldiv.o
        48          0          0          0          0         68   cdcmple.o
        48          0          0          0          0         68   cdrcmple.o
        20          0          0          0          0         68   cfrcmple.o
        56          0          0          0          0         88   d2f.o
       334          0          0          0          0        148   dadd.o
       222          0          0          0          0        100   ddiv.o
       186          0          0          0          0        176   depilogue.o
        62          0          0          0          0         80   dfixi.o
        48          0          0          0          0         68   dfixul.o
        34          0          0          0          0         76   dflti.o
       228          0          0          0          0         96   dmul.o
        46          0          0          0          0         80   dscalb.o
       162          0          0          0          0        100   dsqrt.o
        38          0          0          0          0         68   f2d.o
       176          0          0          0          0        140   fadd.o
       124          0          0          0          0         88   fdiv.o
       110          0          0          0          0        168   fepilogue.o
        18          0          0          0          0         68   fflti.o
       100          0          0          0          0         76   fmul.o
        24          0          0          0          0         68   fscalb.o

    ----------------------------------------------------------------------
      6408        246         80          8          0       3904   Library Totals
         6          0          0          0          0          0   (incl. Padding)

    ----------------------------------------------------------------------

      Code (inc. data)   RO Data    RW Data    ZI Data      Debug   Library Name

      1600        134         80          0          0        940   m_ws.l
      2718        112          0          8          0       1072   mc_w.l
      2084          0          0          0          0       1892   mf_w.l

    ----------------------------------------------------------------------
      6408        246         80          8          0       3904   Library Totals

    ----------------------------------------------------------------------

==============================================================================


      Code (inc. data)   RO Data    RW Data    ZI Data      Debug   

     26712       1712        392        388      19228     611707   Grand Totals
     26712       1712        392        112      19228     611707   ELF Image Totals (compressed)
     26712       1712        392        112          0          0   ROM Totals

==============================================================================

    Total RO  Size (Code + RO Data)                27104 (  26.47kB)
    Total RW  Size (RW Data + ZI Data)             19616 (  19.16kB)
    Total ROM Size (Code + RO Data + RW Data)      27216 (  26.58kB)

==============================================================================

